*** Using Compiler 'V6.19', folder: 'D:\干活学习\校内赛\keil\ARM\ARMCLANG\Bin'
Build target 'Program'
compiling dma.c...
compiling stm32f1xx_hal_msp.c...
compiling stm32f1xx_it.c...
compiling usart.c...
compiling adc.c...
compiling gpio.c...
compiling tim.c...
compiling main.c...
compiling stm32f1xx_hal_timebase_tim.c...
compiling stm32f1xx_hal_gpio_ex.c...
compiling stm32f1xx_hal_rcc_ex.c...
compiling stm32f1xx_hal.c...
compiling stm32f1xx_hal_gpio.c...
compiling stm32f1xx_hal_adc_ex.c...
compiling stm32f1xx_hal_rcc.c...
compiling stm32f1xx_hal_adc.c...
compiling stm32f1xx_hal_cortex.c...
compiling stm32f1xx_hal_dma.c...
compiling stm32f1xx_hal_pwr.c...
compiling stm32f1xx_hal_flash.c...
compiling stm32f1xx_hal_flash_ex.c...
compiling stm32f1xx_hal_exti.c...
compiling Ctrl.c...
compiling system_stm32f1xx.c...
compiling pid.c...
compiling Fun.c...
compiling PWM.c...
compiling stm32f1xx_hal_tim_ex.c...
compiling RC.c...
compiling stm32f1xx_hal_uart.c...
compiling stm32f1xx_hal_tim.c...
linking...
Program Size: Code=18926 RO-data=378 RW-data=32 ZI-data=2136  
FromELF: creating hex file...
".\Program\Program.axf" - 0 Error(s), 0 Warning(s).
Build Time Elapsed:  00:00:06
