Component: Arm Compiler for Embedded 6.19 Tool: armlink [5e73cb00]

==============================================================================

Section Cross References

    startup_stm32f103xe.o(RESET) refers to startup_stm32f103xe.o(STACK) for __initial_sp
    startup_stm32f103xe.o(RESET) refers to startup_stm32f103xe.o(.text) for Reset_Handler
    startup_stm32f103xe.o(RESET) refers to stm32f1xx_it.o(.text.NMI_Handler) for NMI_Handler
    startup_stm32f103xe.o(RESET) refers to stm32f1xx_it.o(.text.HardFault_Handler) for HardFault_Handler
    startup_stm32f103xe.o(RESET) refers to stm32f1xx_it.o(.text.MemManage_Handler) for MemManage_Handler
    startup_stm32f103xe.o(RESET) refers to stm32f1xx_it.o(.text.BusFault_Handler) for BusFault_Handler
    startup_stm32f103xe.o(RESET) refers to stm32f1xx_it.o(.text.UsageFault_Handler) for UsageFault_Handler
    startup_stm32f103xe.o(RESET) refers to stm32f1xx_it.o(.text.SVC_Handler) for SVC_Handler
    startup_stm32f103xe.o(RESET) refers to stm32f1xx_it.o(.text.DebugMon_Handler) for DebugMon_Handler
    startup_stm32f103xe.o(RESET) refers to stm32f1xx_it.o(.text.PendSV_Handler) for PendSV_Handler
    startup_stm32f103xe.o(RESET) refers to stm32f1xx_it.o(.text.SysTick_Handler) for SysTick_Handler
    startup_stm32f103xe.o(RESET) refers to stm32f1xx_it.o(.text.EXTI3_IRQHandler) for EXTI3_IRQHandler
    startup_stm32f103xe.o(RESET) refers to stm32f1xx_it.o(.text.DMA1_Channel1_IRQHandler) for DMA1_Channel1_IRQHandler
    startup_stm32f103xe.o(RESET) refers to stm32f1xx_it.o(.text.DMA1_Channel4_IRQHandler) for DMA1_Channel4_IRQHandler
    startup_stm32f103xe.o(RESET) refers to stm32f1xx_it.o(.text.TIM6_IRQHandler) for TIM6_IRQHandler
    startup_stm32f103xe.o(RESET) refers to stm32f1xx_it.o(.text.TIM7_IRQHandler) for TIM7_IRQHandler
    startup_stm32f103xe.o(.text) refers to system_stm32f1xx.o(.text.SystemInit) for SystemInit
    startup_stm32f103xe.o(.text) refers to entry.o(.ARM.Collect$$$$00000000) for __main
    main.o(.text.main) refers to stm32f1xx_hal.o(.text.HAL_Init) for HAL_Init
    main.o(.text.main) refers to stm32f1xx_hal_rcc.o(.text.HAL_RCC_OscConfig) for HAL_RCC_OscConfig
    main.o(.text.main) refers to stm32f1xx_hal_rcc.o(.text.HAL_RCC_ClockConfig) for HAL_RCC_ClockConfig
    main.o(.text.main) refers to stm32f1xx_hal_rcc_ex.o(.text.HAL_RCCEx_PeriphCLKConfig) for HAL_RCCEx_PeriphCLKConfig
    main.o(.text.main) refers to gpio.o(.text.MX_GPIO_Init) for MX_GPIO_Init
    main.o(.text.main) refers to dma.o(.text.MX_DMA_Init) for MX_DMA_Init
    main.o(.text.main) refers to usart.o(.text.MX_USART1_UART_Init) for MX_USART1_UART_Init
    main.o(.text.main) refers to usart.o(.text.MX_USART3_UART_Init) for MX_USART3_UART_Init
    main.o(.text.main) refers to tim.o(.text.MX_TIM3_Init) for MX_TIM3_Init
    main.o(.text.main) refers to tim.o(.text.MX_TIM5_Init) for MX_TIM5_Init
    main.o(.text.main) refers to tim.o(.text.MX_TIM4_Init) for MX_TIM4_Init
    main.o(.text.main) refers to tim.o(.text.MX_TIM6_Init) for MX_TIM6_Init
    main.o(.text.main) refers to tim.o(.text.MX_TIM2_Init) for MX_TIM2_Init
    main.o(.text.main) refers to tim.o(.text.MX_TIM8_Init) for MX_TIM8_Init
    main.o(.text.main) refers to tim.o(.text.MX_TIM1_Init) for MX_TIM1_Init
    main.o(.text.main) refers to adc.o(.text.MX_ADC1_Init) for MX_ADC1_Init
    main.o(.text.main) refers to pwm.o(.text.PWM_Init) for PWM_Init
    main.o(.text.main) refers to rc.o(.text.RC_Init) for RC_Init
    main.o(.text.main) refers to adc.o(.text.ADC_Init) for ADC_Init
    main.o(.text.main) refers to main.o(.bss..L_MergedGlobals.1) for .L_MergedGlobals.1
    main.o(.text.main) refers to main.o(.data..L_MergedGlobals) for .L_MergedGlobals
    main.o(.text.main) refers to pwm.o(.text.PWM_SetDuty) for PWM_SetDuty
    main.o(.text.main) refers to stm32f1xx_hal_gpio.o(.text.HAL_GPIO_WritePin) for HAL_GPIO_WritePin
    main.o(.text.main) refers to usart.o(.bss.huart1) for huart1
    main.o(.text.main) refers to fun.o(.text.VOFA_JustFloat) for VOFA_JustFloat
    main.o(.text.main) refers to stm32f1xx_hal.o(.text.HAL_Delay) for HAL_Delay
    main.o(.text.main) refers to adc.o(.text.ADC_GetValue_Channel) for ADC_GetValue_Channel
    main.o(.text.main) refers to dflti.o(.text) for __aeabi_i2d
    main.o(.text.main) refers to dmul.o(.text) for __aeabi_dmul
    main.o(.text.main) refers to dfixi.o(.text) for __aeabi_d2iz
    main.o(.text.main) refers to main.o(.text.Switch) for Switch
    main.o(.text.main) refers to fflti.o(.text) for __aeabi_i2f
    main.o(.text.main) refers to f2d.o(.text) for __aeabi_f2d
    main.o(.text.main) refers to dcmplt.o(.text) for __aeabi_dcmplt
    main.o(.text.main) refers to dcmpgt.o(.text) for __aeabi_dcmpgt
    main.o(.text.main) refers to fadd.o(.text) for __aeabi_fsub
    main.o(.text.main) refers to fdiv.o(.text) for __aeabi_fdiv
    main.o(.text.main) refers to fmul.o(.text) for __aeabi_fmul
    main.o(.text.main) refers to ffixi.o(.text) for __aeabi_f2iz
[...]
    Removing stm32f1xx_hal_tim_ex.o(.ARM.exidx.text.HAL_TIMEx_BreakCallback), (8 bytes).
    Removing stm32f1xx_hal_tim_ex.o(.text.HAL_TIMEx_HallSensor_GetState), (6 bytes).
    Removing stm32f1xx_hal_tim_ex.o(.ARM.exidx.text.HAL_TIMEx_HallSensor_GetState), (8 bytes).
    Removing stm32f1xx_hal_tim_ex.o(.text.HAL_TIMEx_GetChannelNState), (34 bytes).
    Removing stm32f1xx_hal_tim_ex.o(.ARM.exidx.text.HAL_TIMEx_GetChannelNState), (8 bytes).
    Removing stm32f1xx_hal_uart.o(.text), (0 bytes).
    Removing stm32f1xx_hal_uart.o(.ARM.exidx.text.HAL_UART_Init), (8 bytes).
    Removing stm32f1xx_hal_uart.o(.text.HAL_UART_MspInit), (2 bytes).
    Removing stm32f1xx_hal_uart.o(.ARM.exidx.text.HAL_UART_MspInit), (8 bytes).
    Removing stm32f1xx_hal_uart.o(.text.HAL_HalfDuplex_Init), (234 bytes).
    Removing stm32f1xx_hal_uart.o(.ARM.exidx.text.HAL_HalfDuplex_Init), (8 bytes).
    Removing stm32f1xx_hal_uart.o(.text.HAL_LIN_Init), (248 bytes).
    Removing stm32f1xx_hal_uart.o(.ARM.exidx.text.HAL_LIN_Init), (8 bytes).
    Removing stm32f1xx_hal_uart.o(.text.HAL_MultiProcessor_Init), (258 bytes).
    Removing stm32f1xx_hal_uart.o(.ARM.exidx.text.HAL_MultiProcessor_Init), (8 bytes).
    Removing stm32f1xx_hal_uart.o(.text.HAL_UART_DeInit), (56 bytes).
    Removing stm32f1xx_hal_uart.o(.ARM.exidx.text.HAL_UART_DeInit), (8 bytes).
    Removing stm32f1xx_hal_uart.o(.text.HAL_UART_MspDeInit), (2 bytes).
    Removing stm32f1xx_hal_uart.o(.ARM.exidx.text.HAL_UART_MspDeInit), (8 bytes).
    Removing stm32f1xx_hal_uart.o(.ARM.exidx.text.HAL_UART_Transmit), (8 bytes).
    Removing stm32f1xx_hal_uart.o(.text.HAL_UART_Receive), (432 bytes).
    Removing stm32f1xx_hal_uart.o(.ARM.exidx.text.HAL_UART_Receive), (8 bytes).
    Removing stm32f1xx_hal_uart.o(.text.HAL_UART_Transmit_IT), (56 bytes).
    Removing stm32f1xx_hal_uart.o(.ARM.exidx.text.HAL_UART_Transmit_IT), (8 bytes).
    Removing stm32f1xx_hal_uart.o(.text.HAL_UART_Receive_IT), (82 bytes).
    Removing stm32f1xx_hal_uart.o(.ARM.exidx.text.HAL_UART_Receive_IT), (8 bytes).
    Removing stm32f1xx_hal_uart.o(.text.UART_Start_Receive_IT), (50 bytes).
    Removing stm32f1xx_hal_uart.o(.ARM.exidx.text.UART_Start_Receive_IT), (8 bytes).
    Removing stm32f1xx_hal_uart.o(.text.HAL_UART_Transmit_DMA), (188 bytes).
    Removing stm32f1xx_hal_uart.o(.ARM.exidx.text.HAL_UART_Transmit_DMA), (8 bytes).
    Removing stm32f1xx_hal_uart.o(.text.UART_DMATransmitCplt), (176 bytes).
    Removing stm32f1xx_hal_uart.o(.ARM.exidx.text.UART_DMATransmitCplt), (8 bytes).
    Removing stm32f1xx_hal_uart.o(.text.UART_DMATxHalfCplt), (6 bytes).
    Removing stm32f1xx_hal_uart.o(.ARM.exidx.text.UART_DMATxHalfCplt), (8 bytes).
    Removing stm32f1xx_hal_uart.o(.text.UART_DMAError), (380 bytes).
    Removing stm32f1xx_hal_uart.o(.ARM.exidx.text.UART_DMAError), (8 bytes).
    Removing stm32f1xx_hal_uart.o(.text.HAL_UART_Receive_DMA), (352 bytes).
    Removing stm32f1xx_hal_uart.o(.ARM.exidx.text.HAL_UART_Receive_DMA), (8 bytes).
    Removing stm32f1xx_hal_uart.o(.text.UART_Start_Receive_DMA), (316 bytes).
    Removing stm32f1xx_hal_uart.o(.ARM.exidx.text.UART_Start_Receive_DMA), (8 bytes).
    Removing stm32f1xx_hal_uart.o(.text.HAL_UART_DMAPause), (342 bytes).
    Removing stm32f1xx_hal_uart.o(.ARM.exidx.text.HAL_UART_DMAPause), (8 bytes).
    Removing stm32f1xx_hal_uart.o(.text.HAL_UART_DMAResume), (348 bytes).
    Removing stm32f1xx_hal_uart.o(.ARM.exidx.text.HAL_UART_DMAResume), (8 bytes).
    Removing stm32f1xx_hal_uart.o(.text.HAL_UART_DMAStop), (540 bytes).
    Removing stm32f1xx_hal_uart.o(.ARM.exidx.text.HAL_UART_DMAStop), (8 bytes).
    Removing stm32f1xx_hal_uart.o(.text.HAL_UARTEx_ReceiveToIdle), (466 bytes).
    Removing stm32f1xx_hal_uart.o(.ARM.exidx.text.HAL_UARTEx_ReceiveToIdle), (8 bytes).
    Removing stm32f1xx_hal_uart.o(.text.HAL_UARTEx_ReceiveToIdle_IT), (200 bytes).
    Removing stm32f1xx_hal_uart.o(.ARM.exidx.text.HAL_UARTEx_ReceiveToIdle_IT), (8 bytes).
    Removing stm32f1xx_hal_uart.o(.text.HAL_UARTEx_ReceiveToIdle_DMA), (458 bytes).
    Removing stm32f1xx_hal_uart.o(.ARM.exidx.text.HAL_UARTEx_ReceiveToIdle_DMA), (8 bytes).
    Removing stm32f1xx_hal_uart.o(.text.HAL_UARTEx_GetRxEventType), (4 bytes).
    Removing stm32f1xx_hal_uart.o(.ARM.exidx.text.HAL_UARTEx_GetRxEventType), (8 bytes).
    Removing stm32f1xx_hal_uart.o(.text.HAL_UART_Abort), (482 bytes).
    Removing stm32f1xx_hal_uart.o(.ARM.exidx.text.HAL_UART_Abort), (8 bytes).
    Removing stm32f1xx_hal_uart.o(.text.HAL_UART_AbortTransmit), (208 bytes).
    Removing stm32f1xx_hal_uart.o(.ARM.exidx.text.HAL_UART_AbortTransmit), (8 bytes).
    Removing stm32f1xx_hal_uart.o(.text.HAL_UART_AbortReceive), (366 bytes).
    Removing stm32f1xx_hal_uart.o(.ARM.exidx.text.HAL_UART_AbortReceive), (8 bytes).
    Removing stm32f1xx_hal_uart.o(.text.HAL_UART_Abort_IT), (516 bytes).
    Removing stm32f1xx_hal_uart.o(.ARM.exidx.text.HAL_UART_Abort_IT), (8 bytes).
    Removing stm32f1xx_hal_uart.o(.text.UART_DMATxAbortCallback), (42 bytes).
    Removing stm32f1xx_hal_uart.o(.ARM.exidx.text.UART_DMATxAbortCallback), (8 bytes).
    Removing stm32f1xx_hal_uart.o(.text.UART_DMARxAbortCallback), (42 bytes).
    Removing stm32f1xx_hal_uart.o(.ARM.exidx.text.UART_DMARxAbortCallback), (8 bytes).
    Removing stm32f1xx_hal_uart.o(.text.HAL_UART_AbortCpltCallback), (2 bytes).
    Removing stm32f1xx_hal_uart.o(.ARM.exidx.text.HAL_UART_AbortCpltCallback), (8 bytes).
    Removing stm32f1xx_hal_uart.o(.text.HAL_UART_AbortTransmit_IT), (236 bytes).
    Removing stm32f1xx_hal_uart.o(.ARM.exidx.text.HAL_UART_AbortTransmit_IT), (8 bytes).
    Removing stm32f1xx_hal_uart.o(.text.UART_DMATxOnlyAbortCallback), (16 bytes).
    Removing stm32f1xx_hal_uart.o(.ARM.exidx.text.UART_DMATxOnlyAbortCallback), (8 bytes).
    Removing stm32f1xx_hal_uart.o(.text.HAL_UART_AbortTransmitCpltCallback), (2 bytes).
    Removing stm32f1xx_hal_uart.o(.ARM.exidx.text.HAL_UART_AbortTransmitCpltCallback), (8 bytes).
    Removing stm32f1xx_hal_uart.o(.text.HAL_UART_AbortReceive_IT), (394 bytes).
    Removing stm32f1xx_hal_uart.o(.ARM.exidx.text.HAL_UART_AbortReceive_IT), (8 bytes).
    Removing stm32f1xx_hal_uart.o(.text.UART_DMARxOnlyAbortCallback), (18 bytes).
    Removing stm32f1xx_hal_uart.o(.ARM.exidx.text.UART_DMARxOnlyAbortCallback), (8 bytes).
    Removing stm32f1xx_hal_uart.o(.text.HAL_UART_AbortReceiveCpltCallback), (2 bytes).
    Removing stm32f1xx_hal_uart.o(.ARM.exidx.text.HAL_UART_AbortReceiveCpltCallback), (8 bytes).
    Removing stm32f1xx_hal_uart.o(.text.HAL_UART_IRQHandler), (1376 bytes).
    Removing stm32f1xx_hal_uart.o(.ARM.exidx.text.HAL_UART_IRQHandler), (8 bytes).
    Removing stm32f1xx_hal_uart.o(.text.UART_Receive_IT), (254 bytes).
    Removing stm32f1xx_hal_uart.o(.ARM.exidx.text.UART_Receive_IT), (8 bytes).
    Removing stm32f1xx_hal_uart.o(.text.UART_DMAAbortOnError), (12 bytes).
    Removing stm32f1xx_hal_uart.o(.ARM.exidx.text.UART_DMAAbortOnError), (8 bytes).
    Removing stm32f1xx_hal_uart.o(.text.HAL_UART_ErrorCallback), (2 bytes).
    Removing stm32f1xx_hal_uart.o(.ARM.exidx.text.HAL_UART_ErrorCallback), (8 bytes).
    Removing stm32f1xx_hal_uart.o(.text.HAL_UARTEx_RxEventCallback), (2 bytes).
    Removing stm32f1xx_hal_uart.o(.ARM.exidx.text.HAL_UARTEx_RxEventCallback), (8 bytes).
    Removing stm32f1xx_hal_uart.o(.text.HAL_UART_TxCpltCallback), (2 bytes).
    Removing stm32f1xx_hal_uart.o(.ARM.exidx.text.HAL_UART_TxCpltCallback), (8 bytes).
    Removing stm32f1xx_hal_uart.o(.text.HAL_UART_TxHalfCpltCallback), (2 bytes).
    Removing stm32f1xx_hal_uart.o(.ARM.exidx.text.HAL_UART_TxHalfCpltCallback), (8 bytes).
    Removing stm32f1xx_hal_uart.o(.text.HAL_UART_RxCpltCallback), (2 bytes).
    Removing stm32f1xx_hal_uart.o(.ARM.exidx.text.HAL_UART_RxCpltCallback), (8 bytes).
    Removing stm32f1xx_hal_uart.o(.text.HAL_UART_RxHalfCpltCallback), (2 bytes).
    Removing stm32f1xx_hal_uart.o(.ARM.exidx.text.HAL_UART_RxHalfCpltCallback), (8 bytes).
    Removing stm32f1xx_hal_uart.o(.text.HAL_LIN_SendBreak), (114 bytes).
    Removing stm32f1xx_hal_uart.o(.ARM.exidx.text.HAL_LIN_SendBreak), (8 bytes).
    Removing stm32f1xx_hal_uart.o(.text.HAL_MultiProcessor_EnterMuteMode), (116 bytes).
    Removing stm32f1xx_hal_uart.o(.ARM.exidx.text.HAL_MultiProcessor_EnterMuteMode), (8 bytes).
    Removing stm32f1xx_hal_uart.o(.text.HAL_MultiProcessor_ExitMuteMode), (116 bytes).
    Removing stm32f1xx_hal_uart.o(.ARM.exidx.text.HAL_MultiProcessor_ExitMuteMode), (8 bytes).
    Removing stm32f1xx_hal_uart.o(.text.HAL_HalfDuplex_EnableTransmitter), (44 bytes).
    Removing stm32f1xx_hal_uart.o(.ARM.exidx.text.HAL_HalfDuplex_EnableTransmitter), (8 bytes).
    Removing stm32f1xx_hal_uart.o(.text.HAL_HalfDuplex_EnableReceiver), (46 bytes).
    Removing stm32f1xx_hal_uart.o(.ARM.exidx.text.HAL_HalfDuplex_EnableReceiver), (8 bytes).
    Removing stm32f1xx_hal_uart.o(.text.HAL_UART_GetState), (14 bytes).
    Removing stm32f1xx_hal_uart.o(.ARM.exidx.text.HAL_UART_GetState), (8 bytes).
    Removing stm32f1xx_hal_uart.o(.text.HAL_UART_GetError), (4 bytes).
    Removing stm32f1xx_hal_uart.o(.ARM.exidx.text.HAL_UART_GetError), (8 bytes).
    Removing stm32f1xx_hal_uart.o(.text.UART_DMAReceiveCplt), (350 bytes).
    Removing stm32f1xx_hal_uart.o(.ARM.exidx.text.UART_DMAReceiveCplt), (8 bytes).
    Removing stm32f1xx_hal_uart.o(.text.UART_DMARxHalfCplt), (24 bytes).
    Removing stm32f1xx_hal_uart.o(.ARM.exidx.text.UART_DMARxHalfCplt), (8 bytes).
    Removing system_stm32f1xx.o(.text), (0 bytes).
    Removing system_stm32f1xx.o(.ARM.exidx.text.SystemInit), (8 bytes).
    Removing system_stm32f1xx.o(.text.SystemCoreClockUpdate), (112 bytes).
    Removing system_stm32f1xx.o(.ARM.exidx.text.SystemCoreClockUpdate), (8 bytes).
    Removing ctrl.o(.text), (0 bytes).
    Removing ctrl.o(.ARM.exidx.text.Switch_GetCode), (8 bytes).
    Removing fun.o(.text), (0 bytes).
    Removing fun.o(.ARM.exidx.text.VOFA_JustFloat), (8 bytes).
    Removing fun.o(.text.MasterPC_send), (118 bytes).
    Removing fun.o(.ARM.exidx.text.MasterPC_send), (8 bytes).
    Removing pid.o(.text), (0 bytes).
    Removing pid.o(.text.PID_calc), (418 bytes).
    Removing pid.o(.ARM.exidx.text.PID_calc), (8 bytes).
    Removing pid.o(.text.PID_calc_err), (402 bytes).
    Removing pid.o(.ARM.exidx.text.PID_calc_err), (8 bytes).
    Removing pid.o(.text.PID_init), (38 bytes).
    Removing pid.o(.ARM.exidx.text.PID_init), (8 bytes).
    Removing pid.o(.text.PID_cleardata), (18 bytes).
    Removing pid.o(.ARM.exidx.text.PID_cleardata), (8 bytes).
    Removing pid.o(.text.PID_loadparam), (6 bytes).
    Removing pid.o(.ARM.exidx.text.PID_loadparam), (8 bytes).
    Removing pid.o(.text.PID_loadtarget), (4 bytes).
    Removing pid.o(.ARM.exidx.text.PID_loadtarget), (8 bytes).
    Removing pwm.o(.text), (0 bytes).
    Removing pwm.o(.ARM.exidx.text.PWM_Init), (8 bytes).
    Removing pwm.o(.ARM.exidx.text.PWM_SetDuty), (8 bytes).
    Removing pwm.o(.ARM.exidx.text.PWM_BreathDuty), (8 bytes).
    Removing rc.o(.text), (0 bytes).
    Removing rc.o(.ARM.exidx.text.RC_Init), (8 bytes).
    Removing rc.o(.ARM.exidx.text.RC_ReceiveCallback), (8 bytes).
    Removing fcmplt.o(.text), (28 bytes).
    Removing fcmpeq.o(.text), (28 bytes).

828 unused section(s) (total 47074 bytes) removed from the image.

==============================================================================

Image Symbol Table

    Local Symbols

    Symbol Name                              Value     Ov Type        Size  Object(Section)

    ../clib/microlib/init/entry.s            0x00000000   Number         0  entry.o ABSOLUTE
    ../clib/microlib/init/entry.s            0x00000000   Number         0  entry2.o ABSOLUTE
    ../clib/microlib/init/entry.s            0x00000000   Number         0  entry5.o ABSOLUTE
    ../clib/microlib/init/entry.s            0x00000000   Number         0  entry7a.o ABSOLUTE
    ../clib/microlib/init/entry.s            0x00000000   Number         0  entry7b.o ABSOLUTE
    ../clib/microlib/init/entry.s            0x00000000   Number         0  entry8a.o ABSOLUTE
    ../clib/microlib/init/entry.s            0x00000000   Number         0  entry8b.o ABSOLUTE
    ../clib/microlib/init/entry.s            0x00000000   Number         0  entry9a.o ABSOLUTE
    ../clib/microlib/init/entry.s            0x00000000   Number         0  entry9b.o ABSOLUTE
    ../clib/microlib/init/entry.s            0x00000000   Number         0  entry10a.o ABSOLUTE
    ../clib/microlib/init/entry.s            0x00000000   Number         0  entry10b.o ABSOLUTE
    ../clib/microlib/init/entry.s            0x00000000   Number         0  entry11a.o ABSOLUTE
    ../clib/microlib/init/entry.s            0x00000000   Number         0  entry11b.o ABSOLUTE
    ../clib/microlib/longlong.c              0x00000000   Number         0  llushr.o ABSOLUTE
    ../clib/microlib/longlong.c              0x00000000   Number         0  llshl.o ABSOLUTE
    ../clib/microlib/string/memset.c         0x00000000   Number         0  memseta.o ABSOLUTE
    ../clib/microlib/stubs.s                 0x00000000   Number         0  iusefp.o ABSOLUTE
    ../fplib/microlib/f2d.c                  0x00000000   Number         0  f2d.o ABSOLUTE
    ../fplib/microlib/fpadd.c                0x00000000   Number         0  fadd.o ABSOLUTE
    ../fplib/microlib/fpcmp.c                0x00000000   Number         0  fcmplt.o ABSOLUTE
    ../fplib/microlib/fpcmp.c                0x00000000   Number         0  fcmpge.o ABSOLUTE
    ../fplib/microlib/fpcmp.c                0x00000000   Number         0  fcmpgt.o ABSOLUTE
    ../fplib/microlib/fpcmp.c                0x00000000   Number         0  fcmpeq.o ABSOLUTE
    ../fplib/microlib/fpcmp.c                0x00000000   Number         0  dcmple.o ABSOLUTE
    ../fplib/microlib/fpcmp.c                0x00000000   Number         0  dcmplt.o ABSOLUTE
    ../fplib/microlib/fpcmp.c                0x00000000   Number         0  dcmpge.o ABSOLUTE
    ../fplib/microlib/fpcmp.c                0x00000000   Number         0  dcmpgt.o ABSOLUTE
    ../fplib/microlib/fpdiv.c                0x00000000   Number         0  fdiv.o ABSOLUTE
    ../fplib/microlib/fpepilogue.c           0x00000000   Number         0  fepilogue.o ABSOLUTE
    ../fplib/microlib/fpepilogue.c           0x00000000   Number         0  depilogue.o ABSOLUTE
    ../fplib/microlib/fpfix.c                0x00000000   Number         0  ffixi.o ABSOLUTE
    ../fplib/microlib/fpfix.c                0x00000000   Number         0  dfixi.o ABSOLUTE
    ../fplib/microlib/fpflt.c                0x00000000   Number         0  fflti.o ABSOLUTE
    ../fplib/microlib/fpflt.c                0x00000000   Number         0  ffltui.o ABSOLUTE
    ../fplib/microlib/fpflt.c                0x00000000   Number         0  dflti.o ABSOLUTE
    ../fplib/microlib/fpmul.c                0x00000000   Number         0  fmul.o ABSOLUTE
    ../fplib/microlib/fpmul.c                0x00000000   Number         0  dmul.o ABSOLUTE
    Ctrl.c                                   0x00000000   Number         0  ctrl.o ABSOLUTE
    Fun.c                                    0x00000000   Number         0  fun.o ABSOLUTE
    PWM.c                                    0x00000000   Number         0  pwm.o ABSOLUTE
    RC.c                                     0x00000000   Number         0  rc.o ABSOLUTE
    adc.c                                    0x00000000   Number         0  adc.o ABSOLUTE
    dc.s                                     0x00000000   Number         0  dc.o ABSOLUTE
    dma.c                                    0x00000000   Number         0  dma.o ABSOLUTE
    gpio.c                                   0x00000000   Number         0  gpio.o ABSOLUTE
    handlers.s                               0x00000000   Number         0  handlers.o ABSOLUTE
    init.s                                   0x00000000   Number         0  init.o ABSOLUTE
    main.c                                   0x00000000   Number         0  main.o ABSOLUTE
    pid.c                                    0x00000000   Number         0  pid.o ABSOLUTE
    startup_stm32f103xe.s                    0x00000000   Number         0  startup_stm32f103xe.o ABSOLUTE
    stm32f1xx_hal.c                          0x00000000   Number         0  stm32f1xx_hal.o ABSOLUTE
    stm32f1xx_hal_adc.c                      0x00000000   Number         0  stm32f1xx_hal_adc.o ABSOLUTE
    stm32f1xx_hal_adc_ex.c                   0x00000000   Number         0  stm32f1xx_hal_adc_ex.o ABSOLUTE
    stm32f1xx_hal_cortex.c                   0x00000000   Number         0  stm32f1xx_hal_cortex.o ABSOLUTE
    stm32f1xx_hal_dma.c                      0x00000000   Number         0  stm32f1xx_hal_dma.o ABSOLUTE
    stm32f1xx_hal_exti.c                     0x00000000   Number         0  stm32f1xx_hal_exti.o ABSOLUTE
    stm32f1xx_hal_flash.c                    0x00000000   Number         0  stm32f1xx_hal_flash.o ABSOLUTE
    stm32f1xx_hal_flash_ex.c                 0x00000000   Number         0  stm32f1xx_hal_flash_ex.o ABSOLUTE
    stm32f1xx_hal_gpio.c                     0x00000000   Number         0  stm32f1xx_hal_gpio.o ABSOLUTE
    stm32f1xx_hal_gpio_ex.c                  0x00000000   Number         0  stm32f1xx_hal_gpio_ex.o ABSOLUTE
    stm32f1xx_hal_msp.c                      0x00000000   Number         0  stm32f1xx_hal_msp.o ABSOLUTE
    stm32f1xx_hal_pwr.c                      0x00000000   Number         0  stm32f1xx_hal_pwr.o ABSOLUTE
    stm32f1xx_hal_rcc.c                      0x00000000   Number         0  stm32f1xx_hal_rcc.o ABSOLUTE
    stm32f1xx_hal_rcc_ex.c                   0x00000000   Number         0  stm32f1xx_hal_rcc_ex.o ABSOLUTE
    stm32f1xx_hal_tim.c                      0x00000000   Number         0  stm32f1xx_hal_tim.o ABSOLUTE
    stm32f1xx_hal_tim_ex.c                   0x00000000   Number         0  stm32f1xx_hal_tim_ex.o ABSOLUTE
    stm32f1xx_hal_timebase_tim.c             0x00000000   Number         0  stm32f1xx_hal_timebase_tim.o ABSOLUTE
    stm32f1xx_hal_uart.c                     0x00000000   Number         0  stm32f1xx_hal_uart.o ABSOLUTE
    stm32f1xx_it.c                           0x00000000   Number         0  stm32f1xx_it.o ABSOLUTE
    system_stm32f1xx.c                       0x00000000   Number         0  system_stm32f1xx.o ABSOLUTE
    tim.c                                    0x00000000   Number         0  tim.o ABSOLUTE
    usart.c                                  0x00000000   Number         0  usart.o ABSOLUTE
    RESET                                    0x08000000   Section      304  startup_stm32f103xe.o(RESET)
    .ARM.Collect$$$$00000000                 0x08000130   Section        0  entry.o(.ARM.Collect$$$$00000000)
    .ARM.Collect$$$$00000001                 0x08000130   Section        4  entry2.o(.ARM.Collect$$$$00000001)
    .ARM.Collect$$$$00000004                 0x08000134   Section        4  entry5.o(.ARM.Collect$$$$00000004)
    .ARM.Collect$$$$00000008                 0x08000138   Section        0  entry7b.o(.ARM.Collect$$$$00000008)
    .ARM.Collect$$$$0000000A                 0x08000138   Section        0  entry8b.o(.ARM.Collect$$$$0000000A)
    .ARM.Collect$$$$0000000B                 0x08000138   Section        8  entry9a.o(.ARM.Collect$$$$0000000B)
    __lit__00000000                          0x08000140   Data           4  entry2.o(.ARM.Collect$$$$00002712)
    .ARM.Collect$$$$0000000D                 0x08000140   Section        0  entry10a.o(.ARM.Collect$$$$0000000D)
    .ARM.Collect$$$$0000000F                 0x08000140   Section        0  entry11a.o(.ARM.Collect$$$$0000000F)
    .ARM.Collect$$$$00002712                 0x08000140   Section        4  entry2.o(.ARM.Collect$$$$00002712)
    .text                                    0x08000144   Section       36  startup_stm32f103xe.o(.text)
    .text                                    0x08000168   Section        0  fadd.o(.text)
    .text                                    0x08000218   Section        0  fmul.o(.text)
    .text                                    0x0800027c   Section        0  fdiv.o(.text)
    .text                                    0x080002f8   Section        0  dmul.o(.text)
    .text                                    0x080003dc   Section        0  fcmpge.o(.text)
    .text                                    0x080003f8   Section        0  fcmpgt.o(.text)
    .text                                    0x08000414   Section        0  dcmple.o(.text)
    .text                                    0x0800044a   Section        0  dcmplt.o(.text)
    .text                                    0x08000480   Section        0  dcmpge.o(.text)
    .text                                    0x080004b6   Section        0  dcmpgt.o(.text)
    .text                                    0x080004ec   Section        0  fflti.o(.text)
    .text                                    0x080004fe   Section        0  ffltui.o(.text)
    .text                                    0x08000508   Section        0  dflti.o(.text)
    .text                                    0x0800052a   Section        0  ffixi.o(.text)
    .text                                    0x0800055c   Section        0  dfixi.o(.text)
    .text                                    0x0800059a   Section        0  f2d.o(.text)
    .text                                    0x080005c0   Section        0  llushr.o(.text)
    .text                                    0x080005e0   Section        0  iusefp.o(.text)
    .text                                    0x080005e0   Section        0  fepilogue.o(.text)
    .text                                    0x0800064e   Section        0  depilogue.o(.text)
    .text                                    0x08000708   Section       36  init.o(.text)
    .text                                    0x0800072c   Section        0  llshl.o(.text)
    [Anonymous Symbol]                       0x0800074c   Section        0  stm32f1xx_hal_adc.o(.text.ADC_ConversionStop_Disable)
    [Anonymous Symbol]                       0x080007a0   Section        0  stm32f1xx_hal_adc.o(.text.ADC_DMAConvCplt)
    [Anonymous Symbol]                       0x080007f4   Section        0  stm32f1xx_hal_adc.o(.text.ADC_DMAError)
    [Anonymous Symbol]                       0x0800080c   Section        0  stm32f1xx_hal_adc.o(.text.ADC_DMAHalfConvCplt)
    [Anonymous Symbol]                       0x08000814   Section        0  stm32f1xx_hal_adc.o(.text.ADC_Enable)
    [Anonymous Symbol]                       0x080008cc   Section        0  adc.o(.text.ADC_GetValue_Channel)
    [Anonymous Symbol]                       0x080008e0   Section        0  adc.o(.text.ADC_Init)
    [Anonymous Symbol]                       0x0800090c   Section        0  stm32f1xx_it.o(.text.BusFault_Handler)
    [Anonymous Symbol]                       0x08000910   Section        0  stm32f1xx_it.o(.text.DMA1_Channel1_IRQHandler)
    [Anonymous Symbol]                       0x0800091c   Section        0  stm32f1xx_it.o(.text.DMA1_Channel4_IRQHandler)
    [Anonymous Symbol]                       0x08000928   Section        0  stm32f1xx_it.o(.text.DebugMon_Handler)
    [Anonymous Symbol]                       0x0800092c   Section        0  stm32f1xx_it.o(.text.EXTI3_IRQHandler)
    [Anonymous Symbol]                       0x08000934   Section        0  main.o(.text.Error_Handler)
    [Anonymous Symbol]                       0x08000940   Section        0  stm32f1xx_hal_adc_ex.o(.text.HAL_ADCEx_Calibration_Start)
    [Anonymous Symbol]                       0x08000a50   Section        0  stm32f1xx_hal_adc.o(.text.HAL_ADC_ConfigChannel)
    [Anonymous Symbol]                       0x08000bdc   Section        0  stm32f1xx_hal_adc.o(.text.HAL_ADC_ConvCpltCallback)
    [Anonymous Symbol]                       0x08000be0   Section        0  stm32f1xx_hal_adc.o(.text.HAL_ADC_ConvHalfCpltCallback)
    [Anonymous Symbol]                       0x08000be4   Section        0  stm32f1xx_hal_adc.o(.text.HAL_ADC_ErrorCallback)
    [Anonymous Symbol]                       0x08000be8   Section        0  stm32f1xx_hal_adc.o(.text.HAL_ADC_Init)
    [Anonymous Symbol]                       0x08000d58   Section        0  adc.o(.text.HAL_ADC_MspInit)
    [Anonymous Symbol]                       0x08000e24   Section        0  stm32f1xx_hal_adc.o(.text.HAL_ADC_Start_DMA)
    [Anonymous Symbol]                       0x08000f3c   Section        0  stm32f1xx_hal_dma.o(.text.HAL_DMA_IRQHandler)
    [Anonymous Symbol]                       0x080011d8   Section        0  stm32f1xx_hal_dma.o(.text.HAL_DMA_Init)
    [Anonymous Symbol]                       0x08001278   Section        0  stm32f1xx_hal_dma.o(.text.HAL_DMA_Start_IT)
    [Anonymous Symbol]                       0x08001314   Section        0  stm32f1xx_hal.o(.text.HAL_Delay)
    [Anonymous Symbol]                       0x0800133c   Section        0  gpio.o(.text.HAL_GPIO_EXTI_Callback)
    [Anonymous Symbol]                       0x08001348   Section        0  stm32f1xx_hal_gpio.o(.text.HAL_GPIO_EXTI_IRQHandler)
    [Anonymous Symbol]                       0x08001360   Section        0  stm32f1xx_hal_gpio.o(.text.HAL_GPIO_Init)
    [Anonymous Symbol]                       0x0800155c   Section        0  stm32f1xx_hal_gpio.o(.text.HAL_GPIO_ReadPin)
    [Anonymous Symbol]                       0x08001568   Section        0  stm32f1xx_hal_gpio.o(.text.HAL_GPIO_WritePin)
    [Anonymous Symbol]                       0x08001574   Section        0  stm32f1xx_hal.o(.text.HAL_GetTick)
    [Anonymous Symbol]                       0x08001580   Section        0  stm32f1xx_hal.o(.text.HAL_IncTick)
    [Anonymous Symbol]                       0x0800159c   Section        0  stm32f1xx_hal.o(.text.HAL_Init)
    [Anonymous Symbol]                       0x080015c4   Section        0  stm32f1xx_hal_timebase_tim.o(.text.HAL_InitTick)
    [Anonymous Symbol]                       0x08001680   Section        0  stm32f1xx_hal_msp.o(.text.HAL_MspInit)
    [Anonymous Symbol]                       0x080016c4   Section        0  stm32f1xx_hal_cortex.o(.text.HAL_NVIC_EnableIRQ)
    [Anonymous Symbol]                       0x080016ec   Section        0  stm32f1xx_hal_cortex.o(.text.HAL_NVIC_SetPriority)
    [Anonymous Symbol]                       0x08001744   Section        0  stm32f1xx_hal_cortex.o(.text.HAL_NVIC_SetPriorityGrouping)
    [Anonymous Symbol]                       0x08001764   Section        0  stm32f1xx_hal_rcc_ex.o(.text.HAL_RCCEx_GetPeriphCLKFreq)
    HAL_RCCEx_GetPeriphCLKFreq.aPLLMULFactorTable 0x08001860   Number         0  stm32f1xx_hal_rcc_ex.o(.text.HAL_RCCEx_GetPeriphCLKFreq)
    HAL_RCCEx_GetPeriphCLKFreq.aPredivFactorTable 0x08001870   Number         0  stm32f1xx_hal_rcc_ex.o(.text.HAL_RCCEx_GetPeriphCLKFreq)
    [Anonymous Symbol]                       0x08001874   Section        0  stm32f1xx_hal_rcc_ex.o(.text.HAL_RCCEx_PeriphCLKConfig)
    [Anonymous Symbol]                       0x08001980   Section        0  stm32f1xx_hal_rcc.o(.text.HAL_RCC_ClockConfig)
    [Anonymous Symbol]                       0x08001b40   Section        0  stm32f1xx_hal_rcc.o(.text.HAL_RCC_GetClockConfig)
    [Anonymous Symbol]                       0x08001b84   Section        0  stm32f1xx_hal_rcc.o(.text.HAL_RCC_GetPCLK1Freq)
    [Anonymous Symbol]                       0x08001bac   Section        0  stm32f1xx_hal_rcc.o(.text.HAL_RCC_GetPCLK2Freq)
    [Anonymous Symbol]                       0x08001bd4   Section        0  stm32f1xx_hal_rcc.o(.text.HAL_RCC_GetSysClockFreq)
    [Anonymous Symbol]                       0x08001c2c   Section        0  stm32f1xx_hal_rcc.o(.text.HAL_RCC_OscConfig)
    [Anonymous Symbol]                       0x08001fe0   Section        0  stm32f1xx_hal_tim_ex.o(.text.HAL_TIMEx_BreakCallback)
    [Anonymous Symbol]                       0x08001fe4   Section        0  stm32f1xx_hal_tim_ex.o(.text.HAL_TIMEx_CommutCallback)
    [Anonymous Symbol]                       0x08001fe8   Section        0  stm32f1xx_hal_tim_ex.o(.text.HAL_TIMEx_ConfigBreakDeadTime)
    [Anonymous Symbol]                       0x08002034   Section        0  stm32f1xx_hal_tim_ex.o(.text.HAL_TIMEx_MasterConfigSynchronization)
    [Anonymous Symbol]                       0x080020c8   Section        0  stm32f1xx_hal_tim_ex.o(.text.HAL_TIMEx_OCN_Start)
    [Anonymous Symbol]                       0x080021a8   Section        0  stm32f1xx_hal_tim.o(.text.HAL_TIM_Base_Init)
    [Anonymous Symbol]                       0x080022d0   Section        0  tim.o(.text.HAL_TIM_Base_MspInit)
    [Anonymous Symbol]                       0x08002434   Section        0  stm32f1xx_hal_tim.o(.text.HAL_TIM_Base_Start_IT)
    [Anonymous Symbol]                       0x080024bc   Section        0  stm32f1xx_hal_tim.o(.text.HAL_TIM_ConfigClockSource)
    [Anonymous Symbol]                       0x08002658   Section        0  stm32f1xx_hal_tim.o(.text.HAL_TIM_IC_CaptureCallback)
    [Anonymous Symbol]                       0x0800265c   Section        0  stm32f1xx_hal_tim.o(.text.HAL_TIM_IRQHandler)
    [Anonymous Symbol]                       0x080027cc   Section        0  tim.o(.text.HAL_TIM_MspPostInit)
    [Anonymous Symbol]                       0x080029b4   Section        0  stm32f1xx_hal_tim.o(.text.HAL_TIM_OC_ConfigChannel)
    [Anonymous Symbol]                       0x08002bac   Section        0  stm32f1xx_hal_tim.o(.text.HAL_TIM_OC_DelayElapsedCallback)
    [Anonymous Symbol]                       0x08002bb0   Section        0  stm32f1xx_hal_tim.o(.text.HAL_TIM_OC_Init)
    [Anonymous Symbol]                       0x08002cd8   Section        0  stm32f1xx_hal_tim.o(.text.HAL_TIM_OC_MspInit)
    [Anonymous Symbol]                       0x08002cdc   Section        0  stm32f1xx_hal_tim.o(.text.HAL_TIM_PWM_ConfigChannel)
    [Anonymous Symbol]                       0x08002f40   Section        0  stm32f1xx_hal_tim.o(.text.HAL_TIM_PWM_Init)
    [Anonymous Symbol]                       0x08003068   Section        0  stm32f1xx_hal_tim.o(.text.HAL_TIM_PWM_MspInit)
    [Anonymous Symbol]                       0x0800306c   Section        0  stm32f1xx_hal_tim.o(.text.HAL_TIM_PWM_PulseFinishedCallback)
    [Anonymous Symbol]                       0x08003070   Section        0  stm32f1xx_hal_tim.o(.text.HAL_TIM_PWM_Start)
    [Anonymous Symbol]                       0x08003154   Section        0  main.o(.text.HAL_TIM_PeriodElapsedCallback)
    [Anonymous Symbol]                       0x08003168   Section        0  stm32f1xx_hal_tim.o(.text.HAL_TIM_TriggerCallback)
    [Anonymous Symbol]                       0x0800316c   Section        0  stm32f1xx_hal_uart.o(.text.HAL_UART_Init)
    [Anonymous Symbol]                       0x08003250   Section        0  usart.o(.text.HAL_UART_MspInit)
    [Anonymous Symbol]                       0x08003394   Section        0  stm32f1xx_hal_uart.o(.text.HAL_UART_Transmit)
    [Anonymous Symbol]                       0x0800360c   Section        0  stm32f1xx_it.o(.text.HardFault_Handler)
    [Anonymous Symbol]                       0x08003610   Section        0  adc.o(.text.MX_ADC1_Init)
    [Anonymous Symbol]                       0x080036e8   Section        0  dma.o(.text.MX_DMA_Init)
    [Anonymous Symbol]                       0x0800372c   Section        0  gpio.o(.text.MX_GPIO_Init)
    [Anonymous Symbol]                       0x08003874   Section        0  tim.o(.text.MX_TIM1_Init)
    [Anonymous Symbol]                       0x080039fc   Section        0  tim.o(.text.MX_TIM2_Init)
    [Anonymous Symbol]                       0x08003ae0   Section        0  tim.o(.text.MX_TIM3_Init)
    [Anonymous Symbol]                       0x08003be0   Section        0  tim.o(.text.MX_TIM4_Init)
    [Anonymous Symbol]                       0x08003cc4   Section        0  tim.o(.text.MX_TIM5_Init)
    [Anonymous Symbol]                       0x08003dac   Section        0  tim.o(.text.MX_TIM6_Init)
    [Anonymous Symbol]                       0x08003e10   Section        0  tim.o(.text.MX_TIM8_Init)
    [Anonymous Symbol]                       0x08003f1c   Section        0  usart.o(.text.MX_USART1_UART_Init)
    [Anonymous Symbol]                       0x08003f58   Section        0  usart.o(.text.MX_USART3_UART_Init)
    [Anonymous Symbol]                       0x08003f94   Section        0  stm32f1xx_it.o(.text.MemManage_Handler)
    [Anonymous Symbol]                       0x08003f98   Section        0  stm32f1xx_it.o(.text.NMI_Handler)
    [Anonymous Symbol]                       0x08003f9c   Section        0  pwm.o(.text.PWM_BreathDuty)
    [Anonymous Symbol]                       0x08003ff0   Section        0  pwm.o(.text.PWM_Init)
    [Anonymous Symbol]                       0x080040dc   Section        0  pwm.o(.text.PWM_SetDuty)
    [Anonymous Symbol]                       0x080040e8   Section        0  stm32f1xx_it.o(.text.PendSV_Handler)
    [Anonymous Symbol]                       0x080040ec   Section        0  rc.o(.text.RC_Init)
    [Anonymous Symbol]                       0x0800413c   Section        0  rc.o(.text.RC_ReceiveCallback)
    [Anonymous Symbol]                       0x08004260   Section        0  stm32f1xx_it.o(.text.SVC_Handler)
    [Anonymous Symbol]                       0x08004264   Section        0  main.o(.text.Switch)
    [Anonymous Symbol]                       0x0800446c   Section        0  ctrl.o(.text.Switch_GetCode)
    [Anonymous Symbol]                       0x080044c4   Section        0  stm32f1xx_it.o(.text.SysTick_Handler)
    [Anonymous Symbol]                       0x080044c8   Section        0  system_stm32f1xx.o(.text.SystemInit)
    [Anonymous Symbol]                       0x080044cc   Section        0  stm32f1xx_it.o(.text.TIM6_IRQHandler)
    [Anonymous Symbol]                       0x080044d8   Section        0  stm32f1xx_it.o(.text.TIM7_IRQHandler)
    [Anonymous Symbol]                       0x080044e4   Section        0  stm32f1xx_it.o(.text.UsageFault_Handler)
    [Anonymous Symbol]                       0x080044e8   Section        0  usart.o(.text.Usart_SendArr)
    [Anonymous Symbol]                       0x080044f0   Section        0  fun.o(.text.VOFA_JustFloat)
    [Anonymous Symbol]                       0x0800453c   Section        0  main.o(.text.main)
    i.__scatterload_copy                     0x08004b6c   Section       14  handlers.o(i.__scatterload_copy)
    i.__scatterload_null                     0x08004b7a   Section        2  handlers.o(i.__scatterload_null)
    i.__scatterload_zeroinit                 0x08004b7c   Section       14  handlers.o(i.__scatterload_zeroinit)
    HAL_RCC_GetSysClockFreq.aPredivFactorTable 0x08004ba2   Data           2  stm32f1xx_hal_rcc.o(.rodata.HAL_RCC_GetSysClockFreq.aPredivFactorTable)
    [Anonymous Symbol]                       0x08004ba2   Section        0  stm32f1xx_hal_rcc.o(.rodata.HAL_RCC_GetSysClockFreq.aPredivFactorTable)
    HAL_RCC_GetSysClockFreq.aPLLMULFactorTable 0x08004ba4   Data          16  stm32f1xx_hal_rcc.o(.rodata.cst16)
    [Anonymous Symbol]                       0x08004ba4   Section        0  stm32f1xx_hal_rcc.o(.rodata.cst16)
    .L_MergedGlobals                         0x20000000   Data          12  main.o(.data..L_MergedGlobals)
    [Anonymous Symbol]                       0x20000000   Section        0  main.o(.data..L_MergedGlobals)
    .L_MergedGlobals                         0x2000000c   Data           8  stm32f1xx_hal.o(.data..L_MergedGlobals)
    [Anonymous Symbol]                       0x2000000c   Section        0  stm32f1xx_hal.o(.data..L_MergedGlobals)
    .L_MergedGlobals                         0x20000014   Data           4  pwm.o(.data..L_MergedGlobals)
    PWM_BreathDuty.dir                       0x20000014   Data           1  pwm.o(.data..L_MergedGlobals)
    [Anonymous Symbol]                       0x20000014   Section        0  pwm.o(.data..L_MergedGlobals)
    PWM_BreathDuty.duty_Load                 0x20000016   Data           2  pwm.o(.data..L_MergedGlobals)
    last_switch_count                        0x2000001c   Data           1  main.o(.data.last_switch_count)
    [Anonymous Symbol]                       0x2000001c   Section        0  main.o(.data.last_switch_count)
    .L_MergedGlobals                         0x20000020   Data          60  adc.o(.bss..L_MergedGlobals)
    [Anonymous Symbol]                       0x20000020   Section        0  adc.o(.bss..L_MergedGlobals)
    .L_MergedGlobals.1                       0x20000060   Data         104  main.o(.bss..L_MergedGlobals.1)
    [Anonymous Symbol]                       0x20000060   Section        0  main.o(.bss..L_MergedGlobals.1)
    last_error                               0x20000080   Data           4  main.o(.bss..L_MergedGlobals.1)
    last_derivative                          0x20000084   Data           4  main.o(.bss..L_MergedGlobals.1)
    reed_window_index                        0x20000088   Data           4  main.o(.bss..L_MergedGlobals.1)
    inductor_window_index                    0x2000008c   Data           4  main.o(.bss..L_MergedGlobals.1)
    reed_window                              0x200000ac   Data           5  main.o(.bss..L_MergedGlobals.1)
    inductor_left_window                     0x200000b2   Data           6  main.o(.bss..L_MergedGlobals.1)
    inductor_right_window                    0x200000b8   Data           6  main.o(.bss..L_MergedGlobals.1)
    PWM_BreathDuty.count_Add                 0x200000c8   Data           2  pwm.o(.bss.PWM_BreathDuty.count_Add)
    [Anonymous Symbol]                       0x200000c8   Section        0  pwm.o(.bss.PWM_BreathDuty.count_Add)
    STACK                                    0x20000470   Section     1024  startup_stm32f103xe.o(STACK)

    Global Symbols

    Symbol Name                              Value     Ov Type        Size  Object(Section)

    BuildAttributes$$THM_ISAv4$P$D$K$B$S$PE$A:L22UL41UL21$X:L11$S22US41US21$IEEE1$IW$~IW$USESV6$~STKCKD$USESV7$~SHL$OTIME$ROPI$EBA8$MICROLIB$REQ8$PRES8$EABIv2 0x00000000   Number         0  anon$$obj.o ABSOLUTE
    __cpp_initialize__aeabi_                  - Undefined Weak Reference
    __cxa_finalize                            - Undefined Weak Reference
    __decompress                              - Undefined Weak Reference
    _clock_init                               - Undefined Weak Reference
    _microlib_exit                            - Undefined Weak Reference
    __Vectors_Size                           0x00000130   Number         0  startup_stm32f103xe.o ABSOLUTE
    __Vectors                                0x08000000   Data           4  startup_stm32f103xe.o(RESET)
    __Vectors_End                            0x08000130   Data           0  startup_stm32f103xe.o(RESET)
    __main                                   0x08000131   Thumb Code     0  entry.o(.ARM.Collect$$$$00000000)
    _main_stk                                0x08000131   Thumb Code     0  entry2.o(.ARM.Collect$$$$00000001)
    _main_scatterload                        0x08000135   Thumb Code     0  entry5.o(.ARM.Collect$$$$00000004)
    __main_after_scatterload                 0x08000139   Thumb Code     0  entry5.o(.ARM.Collect$$$$00000004)
    _main_clock                              0x08000139   Thumb Code     0  entry7b.o(.ARM.Collect$$$$00000008)
    _main_cpp_init                           0x08000139   Thumb Code     0  entry8b.o(.ARM.Collect$$$$0000000A)
    _main_init                               0x08000139   Thumb Code     0  entry9a.o(.ARM.Collect$$$$0000000B)
    __rt_final_cpp                           0x08000141   Thumb Code     0  entry10a.o(.ARM.Collect$$$$0000000D)
    __rt_final_exit                          0x08000141   Thumb Code     0  entry11a.o(.ARM.Collect$$$$0000000F)
    Reset_Handler                            0x08000145   Thumb Code     8  startup_stm32f103xe.o(.text)
    ADC1_2_IRQHandler                        0x0800015f   Thumb Code     0  startup_stm32f103xe.o(.text)
    ADC3_IRQHandler                          0x0800015f   Thumb Code     0  startup_stm32f103xe.o(.text)
    CAN1_RX1_IRQHandler                      0x0800015f   Thumb Code     0  startup_stm32f103xe.o(.text)
    CAN1_SCE_IRQHandler                      0x0800015f   Thumb Code     0  startup_stm32f103xe.o(.text)
    DMA1_Channel2_IRQHandler                 0x0800015f   Thumb Code     0  startup_stm32f103xe.o(.text)
    DMA1_Channel3_IRQHandler                 0x0800015f   Thumb Code     0  startup_stm32f103xe.o(.text)
    DMA1_Channel5_IRQHandler                 0x0800015f   Thumb Code     0  startup_stm32f103xe.o(.text)
    DMA1_Channel6_IRQHandler                 0x0800015f   Thumb Code     0  startup_stm32f103xe.o(.text)
    DMA1_Channel7_IRQHandler                 0x0800015f   Thumb Code     0  startup_stm32f103xe.o(.text)
    DMA2_Channel1_IRQHandler                 0x0800015f   Thumb Code     0  startup_stm32f103xe.o(.text)
    DMA2_Channel2_IRQHandler                 0x0800015f   Thumb Code     0  startup_stm32f103xe.o(.text)
    DMA2_Channel3_IRQHandler                 0x0800015f   Thumb Code     0  startup_stm32f103xe.o(.text)
    DMA2_Channel4_5_IRQHandler               0x0800015f   Thumb Code     0  startup_stm32f103xe.o(.text)
    EXTI0_IRQHandler                         0x0800015f   Thumb Code     0  startup_stm32f103xe.o(.text)
    EXTI15_10_IRQHandler                     0x0800015f   Thumb Code     0  startup_stm32f103xe.o(.text)
    EXTI1_IRQHandler                         0x0800015f   Thumb Code     0  startup_stm32f103xe.o(.text)
    EXTI2_IRQHandler                         0x0800015f   Thumb Code     0  startup_stm32f103xe.o(.text)
    EXTI4_IRQHandler                         0x0800015f   Thumb Code     0  startup_stm32f103xe.o(.text)
    EXTI9_5_IRQHandler                       0x0800015f   Thumb Code     0  startup_stm32f103xe.o(.text)
    FLASH_IRQHandler                         0x0800015f   Thumb Code     0  startup_stm32f103xe.o(.text)
    FSMC_IRQHandler                          0x0800015f   Thumb Code     0  startup_stm32f103xe.o(.text)
    I2C1_ER_IRQHandler                       0x0800015f   Thumb Code     0  startup_stm32f103xe.o(.text)
    I2C1_EV_IRQHandler                       0x0800015f   Thumb Code     0  startup_stm32f103xe.o(.text)
    I2C2_ER_IRQHandler                       0x0800015f   Thumb Code     0  startup_stm32f103xe.o(.text)
    I2C2_EV_IRQHandler                       0x0800015f   Thumb Code     0  startup_stm32f103xe.o(.text)
    PVD_IRQHandler                           0x0800015f   Thumb Code     0  startup_stm32f103xe.o(.text)
    RCC_IRQHandler                           0x0800015f   Thumb Code     0  startup_stm32f103xe.o(.text)
    RTC_Alarm_IRQHandler                     0x0800015f   Thumb Code     0  startup_stm32f103xe.o(.text)
    RTC_IRQHandler                           0x0800015f   Thumb Code     0  startup_stm32f103xe.o(.text)
    SDIO_IRQHandler                          0x0800015f   Thumb Code     0  startup_stm32f103xe.o(.text)
    SPI1_IRQHandler                          0x0800015f   Thumb Code     0  startup_stm32f103xe.o(.text)
    SPI2_IRQHandler                          0x0800015f   Thumb Code     0  startup_stm32f103xe.o(.text)
    SPI3_IRQHandler                          0x0800015f   Thumb Code     0  startup_stm32f103xe.o(.text)
    TAMPER_IRQHandler                        0x0800015f   Thumb Code     0  startup_stm32f103xe.o(.text)
    TIM1_BRK_IRQHandler                      0x0800015f   Thumb Code     0  startup_stm32f103xe.o(.text)
    TIM1_CC_IRQHandler                       0x0800015f   Thumb Code     0  startup_stm32f103xe.o(.text)
    TIM1_TRG_COM_IRQHandler                  0x0800015f   Thumb Code     0  startup_stm32f103xe.o(.text)
    TIM1_UP_IRQHandler                       0x0800015f   Thumb Code     0  startup_stm32f103xe.o(.text)
    TIM2_IRQHandler                          0x0800015f   Thumb Code     0  startup_stm32f103xe.o(.text)
    TIM3_IRQHandler                          0x0800015f   Thumb Code     0  startup_stm32f103xe.o(.text)
    TIM4_IRQHandler                          0x0800015f   Thumb Code     0  startup_stm32f103xe.o(.text)
    TIM5_IRQHandler                          0x0800015f   Thumb Code     0  startup_stm32f103xe.o(.text)
    TIM8_BRK_IRQHandler                      0x0800015f   Thumb Code     0  startup_stm32f103xe.o(.text)
    TIM8_CC_IRQHandler                       0x0800015f   Thumb Code     0  startup_stm32f103xe.o(.text)
    TIM8_TRG_COM_IRQHandler                  0x0800015f   Thumb Code     0  startup_stm32f103xe.o(.text)
    TIM8_UP_IRQHandler                       0x0800015f   Thumb Code     0  startup_stm32f103xe.o(.text)
    UART4_IRQHandler                         0x0800015f   Thumb Code     0  startup_stm32f103xe.o(.text)
    UART5_IRQHandler                         0x0800015f   Thumb Code     0  startup_stm32f103xe.o(.text)
    USART1_IRQHandler                        0x0800015f   Thumb Code     0  startup_stm32f103xe.o(.text)
    USART2_IRQHandler                        0x0800015f   Thumb Code     0  startup_stm32f103xe.o(.text)
    USART3_IRQHandler                        0x0800015f   Thumb Code     0  startup_stm32f103xe.o(.text)
    USBWakeUp_IRQHandler                     0x0800015f   Thumb Code     0  startup_stm32f103xe.o(.text)
    USB_HP_CAN1_TX_IRQHandler                0x0800015f   Thumb Code     0  startup_stm32f103xe.o(.text)
    USB_LP_CAN1_RX0_IRQHandler               0x0800015f   Thumb Code     0  startup_stm32f103xe.o(.text)
    WWDG_IRQHandler                          0x0800015f   Thumb Code     0  startup_stm32f103xe.o(.text)
    __aeabi_fadd                             0x08000169   Thumb Code   164  fadd.o(.text)
    __aeabi_fsub                             0x0800020d   Thumb Code     6  fadd.o(.text)
    __aeabi_frsub                            0x08000213   Thumb Code     6  fadd.o(.text)
    __aeabi_fmul                             0x08000219   Thumb Code   100  fmul.o(.text)
    __aeabi_fdiv                             0x0800027d   Thumb Code   124  fdiv.o(.text)
    __aeabi_dmul                             0x080002f9   Thumb Code   228  dmul.o(.text)
    __aeabi_fcmpge                           0x080003dd   Thumb Code    28  fcmpge.o(.text)
    __aeabi_fcmpgt                           0x080003f9   Thumb Code    28  fcmpgt.o(.text)
    __aeabi_dcmple                           0x08000415   Thumb Code    54  dcmple.o(.text)
    __aeabi_dcmplt                           0x0800044b   Thumb Code    54  dcmplt.o(.text)
    __aeabi_dcmpge                           0x08000481   Thumb Code    54  dcmpge.o(.text)
    __aeabi_dcmpgt                           0x080004b7   Thumb Code    54  dcmpgt.o(.text)
    __aeabi_i2f                              0x080004ed   Thumb Code    18  fflti.o(.text)
    __aeabi_ui2f                             0x080004ff   Thumb Code    10  ffltui.o(.text)
    __aeabi_i2d                              0x08000509   Thumb Code    34  dflti.o(.text)
    __aeabi_f2iz                             0x0800052b   Thumb Code    50  ffixi.o(.text)
    __aeabi_d2iz                             0x0800055d   Thumb Code    62  dfixi.o(.text)
    __aeabi_f2d                              0x0800059b   Thumb Code    38  f2d.o(.text)
    __aeabi_llsr                             0x080005c1   Thumb Code    32  llushr.o(.text)
    _ll_ushift_r                             0x080005c1   Thumb Code     0  llushr.o(.text)
    __I$use$fp                               0x080005e1   Thumb Code     0  iusefp.o(.text)
    _float_round                             0x080005e1   Thumb Code    18  fepilogue.o(.text)
    _float_epilogue                          0x080005f3   Thumb Code    92  fepilogue.o(.text)
    _double_round                            0x0800064f   Thumb Code    30  depilogue.o(.text)
    _double_epilogue                         0x0800066d   Thumb Code   156  depilogue.o(.text)
    __scatterload                            0x08000709   Thumb Code    28  init.o(.text)
    __scatterload_rt2                        0x08000709   Thumb Code     0  init.o(.text)
    __aeabi_llsl                             0x0800072d   Thumb Code    30  llshl.o(.text)
    _ll_shift_l                              0x0800072d   Thumb Code     0  llshl.o(.text)
    ADC_ConversionStop_Disable               0x0800074d   Thumb Code    84  stm32f1xx_hal_adc.o(.text.ADC_ConversionStop_Disable)
    ADC_DMAConvCplt                          0x080007a1   Thumb Code    82  stm32f1xx_hal_adc.o(.text.ADC_DMAConvCplt)
    ADC_DMAError                             0x080007f5   Thumb Code    22  stm32f1xx_hal_adc.o(.text.ADC_DMAError)
    ADC_DMAHalfConvCplt                      0x0800080d   Thumb Code     6  stm32f1xx_hal_adc.o(.text.ADC_DMAHalfConvCplt)
    ADC_Enable                               0x08000815   Thumb Code   182  stm32f1xx_hal_adc.o(.text.ADC_Enable)
    ADC_GetValue_Channel                     0x080008cd   Thumb Code    20  adc.o(.text.ADC_GetValue_Channel)
    ADC_Init                                 0x080008e1   Thumb Code    42  adc.o(.text.ADC_Init)
    BusFault_Handler                         0x0800090d   Thumb Code     2  stm32f1xx_it.o(.text.BusFault_Handler)
    DMA1_Channel1_IRQHandler                 0x08000911   Thumb Code    12  stm32f1xx_it.o(.text.DMA1_Channel1_IRQHandler)
    DMA1_Channel4_IRQHandler                 0x0800091d   Thumb Code    12  stm32f1xx_it.o(.text.DMA1_Channel4_IRQHandler)
    DebugMon_Handler                         0x08000929   Thumb Code     2  stm32f1xx_it.o(.text.DebugMon_Handler)
    EXTI3_IRQHandler                         0x0800092d   Thumb Code     6  stm32f1xx_it.o(.text.EXTI3_IRQHandler)
    Error_Handler                            0x08000935   Thumb Code    10  main.o(.text.Error_Handler)
    HAL_ADCEx_Calibration_Start              0x08000941   Thumb Code   272  stm32f1xx_hal_adc_ex.o(.text.HAL_ADCEx_Calibration_Start)
    HAL_ADC_ConfigChannel                    0x08000a51   Thumb Code   396  stm32f1xx_hal_adc.o(.text.HAL_ADC_ConfigChannel)
    HAL_ADC_ConvCpltCallback                 0x08000bdd   Thumb Code     2  stm32f1xx_hal_adc.o(.text.HAL_ADC_ConvCpltCallback)
    HAL_ADC_ConvHalfCpltCallback             0x08000be1   Thumb Code     2  stm32f1xx_hal_adc.o(.text.HAL_ADC_ConvHalfCpltCallback)
    HAL_ADC_ErrorCallback                    0x08000be5   Thumb Code     2  stm32f1xx_hal_adc.o(.text.HAL_ADC_ErrorCallback)
    HAL_ADC_Init                             0x08000be9   Thumb Code   368  stm32f1xx_hal_adc.o(.text.HAL_ADC_Init)
    HAL_ADC_MspInit                          0x08000d59   Thumb Code   204  adc.o(.text.HAL_ADC_MspInit)
    HAL_ADC_Start_DMA                        0x08000e25   Thumb Code   280  stm32f1xx_hal_adc.o(.text.HAL_ADC_Start_DMA)
    HAL_DMA_IRQHandler                       0x08000f3d   Thumb Code   666  stm32f1xx_hal_dma.o(.text.HAL_DMA_IRQHandler)
    HAL_DMA_Init                             0x080011d9   Thumb Code   158  stm32f1xx_hal_dma.o(.text.HAL_DMA_Init)
    HAL_DMA_Start_IT                         0x08001279   Thumb Code   156  stm32f1xx_hal_dma.o(.text.HAL_DMA_Start_IT)
    HAL_Delay                                0x08001315   Thumb Code    40  stm32f1xx_hal.o(.text.HAL_Delay)
    HAL_GPIO_EXTI_Callback                   0x0800133d   Thumb Code    10  gpio.o(.text.HAL_GPIO_EXTI_Callback)
    HAL_GPIO_EXTI_IRQHandler                 0x08001349   Thumb Code    22  stm32f1xx_hal_gpio.o(.text.HAL_GPIO_EXTI_IRQHandler)
    HAL_GPIO_Init                            0x08001361   Thumb Code   506  stm32f1xx_hal_gpio.o(.text.HAL_GPIO_Init)
    HAL_GPIO_ReadPin                         0x0800155d   Thumb Code    10  stm32f1xx_hal_gpio.o(.text.HAL_GPIO_ReadPin)
    HAL_GPIO_WritePin                        0x08001569   Thumb Code    10  stm32f1xx_hal_gpio.o(.text.HAL_GPIO_WritePin)
    HAL_GetTick                              0x08001575   Thumb Code    12  stm32f1xx_hal.o(.text.HAL_GetTick)
    HAL_IncTick                              0x08001581   Thumb Code    26  stm32f1xx_hal.o(.text.HAL_IncTick)
    HAL_Init                                 0x0800159d   Thumb Code    38  stm32f1xx_hal.o(.text.HAL_Init)
    HAL_InitTick                             0x080015c5   Thumb Code   188  stm32f1xx_hal_timebase_tim.o(.text.HAL_InitTick)
    HAL_MspInit                              0x08001681   Thumb Code    66  stm32f1xx_hal_msp.o(.text.HAL_MspInit)
    HAL_NVIC_EnableIRQ                       0x080016c5   Thumb Code    38  stm32f1xx_hal_cortex.o(.text.HAL_NVIC_EnableIRQ)
    HAL_NVIC_SetPriority                     0x080016ed   Thumb Code    86  stm32f1xx_hal_cortex.o(.text.HAL_NVIC_SetPriority)
    HAL_NVIC_SetPriorityGrouping             0x08001745   Thumb Code    32  stm32f1xx_hal_cortex.o(.text.HAL_NVIC_SetPriorityGrouping)
    HAL_RCCEx_GetPeriphCLKFreq               0x08001765   Thumb Code   252  stm32f1xx_hal_rcc_ex.o(.text.HAL_RCCEx_GetPeriphCLKFreq)
    HAL_RCCEx_PeriphCLKConfig                0x08001875   Thumb Code   266  stm32f1xx_hal_rcc_ex.o(.text.HAL_RCCEx_PeriphCLKConfig)
    HAL_RCC_ClockConfig                      0x08001981   Thumb Code   446  stm32f1xx_hal_rcc.o(.text.HAL_RCC_ClockConfig)
    HAL_RCC_GetClockConfig                   0x08001b41   Thumb Code    66  stm32f1xx_hal_rcc.o(.text.HAL_RCC_GetClockConfig)
    HAL_RCC_GetPCLK1Freq                     0x08001b85   Thumb Code    38  stm32f1xx_hal_rcc.o(.text.HAL_RCC_GetPCLK1Freq)
    HAL_RCC_GetPCLK2Freq                     0x08001bad   Thumb Code    38  stm32f1xx_hal_rcc.o(.text.HAL_RCC_GetPCLK2Freq)
    HAL_RCC_GetSysClockFreq                  0x08001bd5   Thumb Code    86  stm32f1xx_hal_rcc.o(.text.HAL_RCC_GetSysClockFreq)
    HAL_RCC_OscConfig                        0x08001c2d   Thumb Code   948  stm32f1xx_hal_rcc.o(.text.HAL_RCC_OscConfig)
    HAL_TIMEx_BreakCallback                  0x08001fe1   Thumb Code     2  stm32f1xx_hal_tim_ex.o(.text.HAL_TIMEx_BreakCallback)
    HAL_TIMEx_CommutCallback                 0x08001fe5   Thumb Code     2  stm32f1xx_hal_tim_ex.o(.text.HAL_TIMEx_CommutCallback)
    HAL_TIMEx_ConfigBreakDeadTime            0x08001fe9   Thumb Code    76  stm32f1xx_hal_tim_ex.o(.text.HAL_TIMEx_ConfigBreakDeadTime)
    HAL_TIMEx_MasterConfigSynchronization    0x08002035   Thumb Code   146  stm32f1xx_hal_tim_ex.o(.text.HAL_TIMEx_MasterConfigSynchronization)
    HAL_TIMEx_OCN_Start                      0x080020c9   Thumb Code   222  stm32f1xx_hal_tim_ex.o(.text.HAL_TIMEx_OCN_Start)
    HAL_TIM_Base_Init                        0x080021a9   Thumb Code   294  stm32f1xx_hal_tim.o(.text.HAL_TIM_Base_Init)
    HAL_TIM_Base_MspInit                     0x080022d1   Thumb Code   354  tim.o(.text.HAL_TIM_Base_MspInit)
    HAL_TIM_Base_Start_IT                    0x08002435   Thumb Code   134  stm32f1xx_hal_tim.o(.text.HAL_TIM_Base_Start_IT)
    HAL_TIM_ConfigClockSource                0x080024bd   Thumb Code   412  stm32f1xx_hal_tim.o(.text.HAL_TIM_ConfigClockSource)
    HAL_TIM_IC_CaptureCallback               0x08002659   Thumb Code     2  stm32f1xx_hal_tim.o(.text.HAL_TIM_IC_CaptureCallback)
    HAL_TIM_IRQHandler                       0x0800265d   Thumb Code   368  stm32f1xx_hal_tim.o(.text.HAL_TIM_IRQHandler)
    HAL_TIM_MspPostInit                      0x080027cd   Thumb Code   486  tim.o(.text.HAL_TIM_MspPostInit)
    HAL_TIM_OC_ConfigChannel                 0x080029b5   Thumb Code   504  stm32f1xx_hal_tim.o(.text.HAL_TIM_OC_ConfigChannel)
    HAL_TIM_OC_DelayElapsedCallback          0x08002bad   Thumb Code     2  stm32f1xx_hal_tim.o(.text.HAL_TIM_OC_DelayElapsedCallback)
    HAL_TIM_OC_Init                          0x08002bb1   Thumb Code   294  stm32f1xx_hal_tim.o(.text.HAL_TIM_OC_Init)
    HAL_TIM_OC_MspInit                       0x08002cd9   Thumb Code     2  stm32f1xx_hal_tim.o(.text.HAL_TIM_OC_MspInit)
    HAL_TIM_PWM_ConfigChannel                0x08002cdd   Thumb Code   610  stm32f1xx_hal_tim.o(.text.HAL_TIM_PWM_ConfigChannel)
    HAL_TIM_PWM_Init                         0x08002f41   Thumb Code   294  stm32f1xx_hal_tim.o(.text.HAL_TIM_PWM_Init)
    HAL_TIM_PWM_MspInit                      0x08003069   Thumb Code     2  stm32f1xx_hal_tim.o(.text.HAL_TIM_PWM_MspInit)
    HAL_TIM_PWM_PulseFinishedCallback        0x0800306d   Thumb Code     2  stm32f1xx_hal_tim.o(.text.HAL_TIM_PWM_PulseFinishedCallback)
    HAL_TIM_PWM_Start                        0x08003071   Thumb Code   226  stm32f1xx_hal_tim.o(.text.HAL_TIM_PWM_Start)
    HAL_TIM_PeriodElapsedCallback            0x08003155   Thumb Code    20  main.o(.text.HAL_TIM_PeriodElapsedCallback)
    HAL_TIM_TriggerCallback                  0x08003169   Thumb Code     2  stm32f1xx_hal_tim.o(.text.HAL_TIM_TriggerCallback)
    HAL_UART_Init                            0x0800316d   Thumb Code   226  stm32f1xx_hal_uart.o(.text.HAL_UART_Init)
    HAL_UART_MspInit                         0x08003251   Thumb Code   324  usart.o(.text.HAL_UART_MspInit)
    HAL_UART_Transmit                        0x08003395   Thumb Code   632  stm32f1xx_hal_uart.o(.text.HAL_UART_Transmit)
    HardFault_Handler                        0x0800360d   Thumb Code     2  stm32f1xx_it.o(.text.HardFault_Handler)
    MX_ADC1_Init                             0x08003611   Thumb Code   216  adc.o(.text.MX_ADC1_Init)
    MX_DMA_Init                              0x080036e9   Thumb Code    68  dma.o(.text.MX_DMA_Init)
    MX_GPIO_Init                             0x0800372d   Thumb Code   328  gpio.o(.text.MX_GPIO_Init)
    MX_TIM1_Init                             0x08003875   Thumb Code   392  tim.o(.text.MX_TIM1_Init)
    MX_TIM2_Init                             0x080039fd   Thumb Code   228  tim.o(.text.MX_TIM2_Init)
    MX_TIM3_Init                             0x08003ae1   Thumb Code   256  tim.o(.text.MX_TIM3_Init)
    MX_TIM4_Init                             0x08003be1   Thumb Code   226  tim.o(.text.MX_TIM4_Init)
    MX_TIM5_Init                             0x08003cc5   Thumb Code   232  tim.o(.text.MX_TIM5_Init)
    MX_TIM6_Init                             0x08003dad   Thumb Code    98  tim.o(.text.MX_TIM6_Init)
    MX_TIM8_Init                             0x08003e11   Thumb Code   266  tim.o(.text.MX_TIM8_Init)
    MX_USART1_UART_Init                      0x08003f1d   Thumb Code    60  usart.o(.text.MX_USART1_UART_Init)
    MX_USART3_UART_Init                      0x08003f59   Thumb Code    60  usart.o(.text.MX_USART3_UART_Init)
    MemManage_Handler                        0x08003f95   Thumb Code     2  stm32f1xx_it.o(.text.MemManage_Handler)
    NMI_Handler                              0x08003f99   Thumb Code     2  stm32f1xx_it.o(.text.NMI_Handler)
    PWM_BreathDuty                           0x08003f9d   Thumb Code    84  pwm.o(.text.PWM_BreathDuty)
    PWM_Init                                 0x08003ff1   Thumb Code   236  pwm.o(.text.PWM_Init)
    PWM_SetDuty                              0x080040dd   Thumb Code    10  pwm.o(.text.PWM_SetDuty)
    PendSV_Handler                           0x080040e9   Thumb Code     2  stm32f1xx_it.o(.text.PendSV_Handler)
    RC_Init                                  0x080040ed   Thumb Code    78  rc.o(.text.RC_Init)
    RC_ReceiveCallback                       0x0800413d   Thumb Code   290  rc.o(.text.RC_ReceiveCallback)
    SVC_Handler                              0x08004261   Thumb Code     2  stm32f1xx_it.o(.text.SVC_Handler)
    Switch                                   0x08004265   Thumb Code   520  main.o(.text.Switch)
    Switch_GetCode                           0x0800446d   Thumb Code    88  ctrl.o(.text.Switch_GetCode)
    SysTick_Handler                          0x080044c5   Thumb Code     2  stm32f1xx_it.o(.text.SysTick_Handler)
    SystemInit                               0x080044c9   Thumb Code     2  system_stm32f1xx.o(.text.SystemInit)
    TIM6_IRQHandler                          0x080044cd   Thumb Code    12  stm32f1xx_it.o(.text.TIM6_IRQHandler)
    TIM7_IRQHandler                          0x080044d9   Thumb Code    12  stm32f1xx_it.o(.text.TIM7_IRQHandler)
    UsageFault_Handler                       0x080044e5   Thumb Code     2  stm32f1xx_it.o(.text.UsageFault_Handler)
    Usart_SendArr                            0x080044e9   Thumb Code     6  usart.o(.text.Usart_SendArr)
    VOFA_JustFloat                           0x080044f1   Thumb Code    74  fun.o(.text.VOFA_JustFloat)
    main                                     0x0800453d   Thumb Code  1584  main.o(.text.main)
    __scatterload_copy                       0x08004b6d   Thumb Code    14  handlers.o(i.__scatterload_copy)
    __scatterload_null                       0x08004b7b   Thumb Code     2  handlers.o(i.__scatterload_null)
    __scatterload_zeroinit                   0x08004b7d   Thumb Code    14  handlers.o(i.__scatterload_zeroinit)
    AHBPrescTable                            0x08004b8a   Data          16  system_stm32f1xx.o(.rodata.AHBPrescTable)
    APBPrescTable                            0x08004b9a   Data           8  system_stm32f1xx.o(.rodata.APBPrescTable)
    Region$$Table$$Base                      0x08004bb4   Number         0  anon$$obj.o(Region$$Table)
    Region$$Table$$Limit                     0x08004bd4   Number         0  anon$$obj.o(Region$$Table)
    SteerPWM                                 0x20000000   Data           2  main.o(.data..L_MergedGlobals)
    Dir_Err_Wheel_Limit_Low                  0x20000004   Data           4  main.o(.data..L_MergedGlobals)
    Dir_Err_Wheel_Limit_High                 0x20000008   Data           4  main.o(.data..L_MergedGlobals)
    uwTickFreq                               0x2000000c   Data           1  stm32f1xx_hal.o(.data..L_MergedGlobals)
    uwTickPrio                               0x20000010   Data           4  stm32f1xx_hal.o(.data..L_MergedGlobals)
    SystemCoreClock                          0x20000018   Data           4  system_stm32f1xx.o(.data.SystemCoreClock)
    ADC_RawValue                             0x20000020   Data          12  adc.o(.bss..L_MergedGlobals)
    hadc1                                    0x2000002c   Data          48  adc.o(.bss..L_MergedGlobals)
    Wheel_Left_IO                            0x20000060   Data           1  main.o(.bss..L_MergedGlobals.1)
    Wheel_Right_IO                           0x20000061   Data           1  main.o(.bss..L_MergedGlobals.1)
    Wheel_Left_PWM                           0x20000062   Data           2  main.o(.bss..L_MergedGlobals.1)
    Wheel_Right_PWM                          0x20000064   Data           2  main.o(.bss..L_MergedGlobals.1)
    AD_Left                                  0x20000066   Data           2  main.o(.bss..L_MergedGlobals.1)
    AD_Right                                 0x20000068   Data           2  main.o(.bss..L_MergedGlobals.1)
    Dir_Output                               0x2000006a   Data           2  main.o(.bss..L_MergedGlobals.1)
    Wheel_Right_Speed                        0x2000006c   Data           2  main.o(.bss..L_MergedGlobals.1)
    Wheel_Left_Speed                         0x2000006e   Data           2  main.o(.bss..L_MergedGlobals.1)
    Std_Speed                                0x20000070   Data           2  main.o(.bss..L_MergedGlobals.1)
    Dir_Err_Wheel                            0x20000074   Data           4  main.o(.bss..L_MergedGlobals.1)
    stop                                     0x20000078   Data           4  main.o(.bss..L_MergedGlobals.1)
    reed_count                               0x2000007c   Data           4  main.o(.bss..L_MergedGlobals.1)
    Dir_Err                                  0x20000090   Data           4  main.o(.bss..L_MergedGlobals.1)
    Kp_t_                                    0x20000094   Data           4  main.o(.bss..L_MergedGlobals.1)
    Kp                                       0x20000098   Data           4  main.o(.bss..L_MergedGlobals.1)
    Kp_s                                     0x2000009c   Data           4  main.o(.bss..L_MergedGlobals.1)
    Kd_s                                     0x200000a0   Data           4  main.o(.bss..L_MergedGlobals.1)
    Kd_t_                                    0x200000a4   Data           4  main.o(.bss..L_MergedGlobals.1)
    Kd                                       0x200000a8   Data           4  main.o(.bss..L_MergedGlobals.1)
    fun                                      0x200000c0   Data           8  main.o(.bss..L_MergedGlobals.1)
    hCtrl                                    0x200000ca   Data           2  ctrl.o(.bss.hCtrl)
    hRC                                      0x200000cc   Data          68  rc.o(.bss.hRC)
    hdma_adc1                                0x20000110   Data          68  adc.o(.bss.hdma_adc1)
    hdma_usart1_tx                           0x20000154   Data          68  usart.o(.bss.hdma_usart1_tx)
    htim1                                    0x20000198   Data          72  tim.o(.bss.htim1)
    htim2                                    0x200001e0   Data          72  tim.o(.bss.htim2)
    htim3                                    0x20000228   Data          72  tim.o(.bss.htim3)
    htim4                                    0x20000270   Data          72  tim.o(.bss.htim4)
    htim5                                    0x200002b8   Data          72  tim.o(.bss.htim5)
    htim6                                    0x20000300   Data          72  tim.o(.bss.htim6)
    htim7                                    0x20000348   Data          72  stm32f1xx_hal_timebase_tim.o(.bss.htim7)
    htim8                                    0x20000390   Data          72  tim.o(.bss.htim8)
    huart1                                   0x200003d8   Data          72  usart.o(.bss.huart1)
    huart3                                   0x20000420   Data          72  usart.o(.bss.huart3)
    uwTick                                   0x20000468   Data           4  stm32f1xx_hal.o(.bss.uwTick)
    __initial_sp                             0x20000870   Data           0  startup_stm32f103xe.o(STACK)



==============================================================================

Memory Map of the image

  Image Entry point : 0x08000131

  Load Region LR_IROM1 (Base: 0x08000000, Size: 0x00004bf8, Max: 0x00040000, ABSOLUTE)

    Execution Region ER_IROM1 (Exec base: 0x08000000, Load base: 0x08000000, Size: 0x00004bd4, Max: 0x00040000, ABSOLUTE)

    Exec Addr    Load Addr    Size         Type   Attr      Idx    E Section Name        Object

    0x08000000   0x08000000   0x00000130   Data   RO            3    RESET               startup_stm32f103xe.o
    0x08000130   0x08000130   0x00000000   Code   RO         1176  * .ARM.Collect$$$$00000000  mc_w.l(entry.o)
    0x08000130   0x08000130   0x00000004   Code   RO         1217    .ARM.Collect$$$$00000001  mc_w.l(entry2.o)
    0x08000134   0x08000134   0x00000004   Code   RO         1220    .ARM.Collect$$$$00000004  mc_w.l(entry5.o)
    0x08000138   0x08000138   0x00000000   Code   RO         1222    .ARM.Collect$$$$00000008  mc_w.l(entry7b.o)
    0x08000138   0x08000138   0x00000000   Code   RO         1224    .ARM.Collect$$$$0000000A  mc_w.l(entry8b.o)
    0x08000138   0x08000138   0x00000008   Code   RO         1225    .ARM.Collect$$$$0000000B  mc_w.l(entry9a.o)
    0x08000140   0x08000140   0x00000000   Code   RO         1227    .ARM.Collect$$$$0000000D  mc_w.l(entry10a.o)
    0x08000140   0x08000140   0x00000000   Code   RO         1229    .ARM.Collect$$$$0000000F  mc_w.l(entry11a.o)
    0x08000140   0x08000140   0x00000004   Code   RO         1218    .ARM.Collect$$$$00002712  mc_w.l(entry2.o)
    0x08000144   0x08000144   0x00000024   Code   RO            4    .text               startup_stm32f103xe.o
    0x08000168   0x08000168   0x000000b0   Code   RO         1181    .text               mf_w.l(fadd.o)
    0x08000218   0x08000218   0x00000064   Code   RO         1183    .text               mf_w.l(fmul.o)
    0x0800027c   0x0800027c   0x0000007c   Code   RO         1185    .text               mf_w.l(fdiv.o)
    0x080002f8   0x080002f8   0x000000e4   Code   RO         1187    .text               mf_w.l(dmul.o)
    0x080003dc   0x080003dc   0x0000001c   Code   RO         1191    .text               mf_w.l(fcmpge.o)
    0x080003f8   0x080003f8   0x0000001c   Code   RO         1193    .text               mf_w.l(fcmpgt.o)
    0x08000414   0x08000414   0x00000036   Code   RO         1197    .text               mf_w.l(dcmple.o)
    0x0800044a   0x0800044a   0x00000036   Code   RO         1199    .text               mf_w.l(dcmplt.o)
    0x08000480   0x08000480   0x00000036   Code   RO         1201    .text               mf_w.l(dcmpge.o)
    0x080004b6   0x080004b6   0x00000036   Code   RO         1203    .text               mf_w.l(dcmpgt.o)
    0x080004ec   0x080004ec   0x00000012   Code   RO         1205    .text               mf_w.l(fflti.o)
    0x080004fe   0x080004fe   0x0000000a   Code   RO         1207    .text               mf_w.l(ffltui.o)
    0x08000508   0x08000508   0x00000022   Code   RO         1209    .text               mf_w.l(dflti.o)
    0x0800052a   0x0800052a   0x00000032   Code   RO         1211    .text               mf_w.l(ffixi.o)
    0x0800055c   0x0800055c   0x0000003e   Code   RO         1213    .text               mf_w.l(dfixi.o)
    0x0800059a   0x0800059a   0x00000026   Code   RO         1215    .text               mf_w.l(f2d.o)
    0x080005c0   0x080005c0   0x00000020   Code   RO         1231    .text               mc_w.l(llushr.o)
    0x080005e0   0x080005e0   0x00000000   Code   RO         1233    .text               mc_w.l(iusefp.o)
    0x080005e0   0x080005e0   0x0000006e   Code   RO         1234    .text               mf_w.l(fepilogue.o)
    0x0800064e   0x0800064e   0x000000ba   Code   RO         1236    .text               mf_w.l(depilogue.o)
    0x08000708   0x08000708   0x00000024   Code   RO         1238    .text               mc_w.l(init.o)
    0x0800072c   0x0800072c   0x0000001e   Code   RO         1240    .text               mc_w.l(llshl.o)
    0x0800074a   0x0800074a   0x00000002   PAD
    0x0800074c   0x0800074c   0x00000054   Code   RO          229    .text.ADC_ConversionStop_Disable  stm32f1xx_hal_adc.o
    0x080007a0   0x080007a0   0x00000052   Code   RO          251    .text.ADC_DMAConvCplt  stm32f1xx_hal_adc.o
    0x080007f2   0x080007f2   0x00000002   PAD
    0x080007f4   0x080007f4   0x00000016   Code   RO          255    .text.ADC_DMAError  stm32f1xx_hal_adc.o
    0x0800080a   0x0800080a   0x00000002   PAD
    0x0800080c   0x0800080c   0x00000006   Code   RO          253    .text.ADC_DMAHalfConvCplt  stm32f1xx_hal_adc.o
    0x08000812   0x08000812   0x00000002   PAD
    0x08000814   0x08000814   0x000000b6   Code   RO          237    .text.ADC_Enable    stm32f1xx_hal_adc.o
    0x080008ca   0x080008ca   0x00000002   PAD
    0x080008cc   0x080008cc   0x00000014   Code   RO           67    .text.ADC_GetValue_Channel  adc.o
    0x080008e0   0x080008e0   0x0000002a   Code   RO           65    .text.ADC_Init      adc.o
    0x0800090a   0x0800090a   0x00000002   PAD
    0x0800090c   0x0800090c   0x00000002   Code   RO          158    .text.BusFault_Handler  stm32f1xx_it.o
    0x0800090e   0x0800090e   0x00000002   PAD
    0x08000910   0x08000910   0x0000000c   Code   RO          172    .text.DMA1_Channel1_IRQHandler  stm32f1xx_it.o
    0x0800091c   0x0800091c   0x0000000c   Code   RO          174    .text.DMA1_Channel4_IRQHandler  stm32f1xx_it.o
    0x08000928   0x08000928   0x00000002   Code   RO          164    .text.DebugMon_Handler  stm32f1xx_it.o
    0x0800092a   0x0800092a   0x00000002   PAD
    0x0800092c   0x0800092c   0x00000006   Code   RO          170    .text.EXTI3_IRQHandler  stm32f1xx_it.o
    0x08000932   0x08000932   0x00000002   PAD
    0x08000934   0x08000934   0x0000000a   Code   RO           29    .text.Error_Handler  main.o
    0x0800093e   0x0800093e   0x00000002   PAD
    0x08000940   0x08000940   0x00000110   Code   RO          287    .text.HAL_ADCEx_Calibration_Start  stm32f1xx_hal_adc_ex.o
    0x08000a50   0x08000a50   0x0000018c   Code   RO          271    .text.HAL_ADC_ConfigChannel  stm32f1xx_hal_adc.o
    0x08000bdc   0x08000bdc   0x00000002   Code   RO          263    .text.HAL_ADC_ConvCpltCallback  stm32f1xx_hal_adc.o
    0x08000bde   0x08000bde   0x00000002   PAD
    0x08000be0   0x08000be0   0x00000002   Code   RO          267    .text.HAL_ADC_ConvHalfCpltCallback  stm32f1xx_hal_adc.o
    0x08000be2   0x08000be2   0x00000002   PAD
    0x08000be4   0x08000be4   0x00000002   Code   RO          269    .text.HAL_ADC_ErrorCallback  stm32f1xx_hal_adc.o
    0x08000be6   0x08000be6   0x00000002   PAD
    0x08000be8   0x08000be8   0x00000170   Code   RO          225    .text.HAL_ADC_Init  stm32f1xx_hal_adc.o
    0x08000d58   0x08000d58   0x000000cc   Code   RO           61    .text.HAL_ADC_MspInit  adc.o
    0x08000e24   0x08000e24   0x00000118   Code   RO          249    .text.HAL_ADC_Start_DMA  stm32f1xx_hal_adc.o
    0x08000f3c   0x08000f3c   0x0000029a   Code   RO          471    .text.HAL_DMA_IRQHandler  stm32f1xx_hal_dma.o
    0x080011d6   0x080011d6   0x00000002   PAD
    0x080011d8   0x080011d8   0x0000009e   Code   RO          457    .text.HAL_DMA_Init  stm32f1xx_hal_dma.o
    0x08001276   0x08001276   0x00000002   PAD
    0x08001278   0x08001278   0x0000009c   Code   RO          463    .text.HAL_DMA_Start_IT  stm32f1xx_hal_dma.o
    0x08001314   0x08001314   0x00000028   Code   RO          341    .text.HAL_Delay     stm32f1xx_hal.o
    0x0800133c   0x0800133c   0x0000000a   Code   RO           50    .text.HAL_GPIO_EXTI_Callback  gpio.o
    0x08001346   0x08001346   0x00000002   PAD
    0x08001348   0x08001348   0x00000016   Code   RO          445    .text.HAL_GPIO_EXTI_IRQHandler  stm32f1xx_hal_gpio.o
    0x0800135e   0x0800135e   0x00000002   PAD
    0x08001360   0x08001360   0x000001fa   Code   RO          433    .text.HAL_GPIO_Init  stm32f1xx_hal_gpio.o
    0x0800155a   0x0800155a   0x00000002   PAD
    0x0800155c   0x0800155c   0x0000000a   Code   RO          437    .text.HAL_GPIO_ReadPin  stm32f1xx_hal_gpio.o
    0x08001566   0x08001566   0x00000002   PAD
    0x08001568   0x08001568   0x0000000a   Code   RO          439    .text.HAL_GPIO_WritePin  stm32f1xx_hal_gpio.o
    0x08001572   0x08001572   0x00000002   PAD
    0x08001574   0x08001574   0x0000000c   Code   RO          333    .text.HAL_GetTick   stm32f1xx_hal.o
    0x08001580   0x08001580   0x0000001a   Code   RO          331    .text.HAL_IncTick   stm32f1xx_hal.o
    0x0800159a   0x0800159a   0x00000002   PAD
    0x0800159c   0x0800159c   0x00000026   Code   RO          321    .text.HAL_Init      stm32f1xx_hal.o
    0x080015c2   0x080015c2   0x00000002   PAD
    0x080015c4   0x080015c4   0x000000bc   Code   RO          196    .text.HAL_InitTick  stm32f1xx_hal_timebase_tim.o
    0x08001680   0x08001680   0x00000042   Code   RO          187    .text.HAL_MspInit   stm32f1xx_hal_msp.o
    0x080016c2   0x080016c2   0x00000002   PAD
    0x080016c4   0x080016c4   0x00000026   Code   RO          493    .text.HAL_NVIC_EnableIRQ  stm32f1xx_hal_cortex.o
    0x080016ea   0x080016ea   0x00000002   PAD
    0x080016ec   0x080016ec   0x00000056   Code   RO          491    .text.HAL_NVIC_SetPriority  stm32f1xx_hal_cortex.o
    0x08001742   0x08001742   0x00000002   PAD
    0x08001744   0x08001744   0x00000020   Code   RO          489    .text.HAL_NVIC_SetPriorityGrouping  stm32f1xx_hal_cortex.o
    0x08001764   0x08001764   0x00000110   Code   RO          423    .text.HAL_RCCEx_GetPeriphCLKFreq  stm32f1xx_hal_rcc_ex.o
    0x08001874   0x08001874   0x0000010a   Code   RO          419    .text.HAL_RCCEx_PeriphCLKConfig  stm32f1xx_hal_rcc_ex.o
    0x0800197e   0x0800197e   0x00000002   PAD
    0x08001980   0x08001980   0x000001be   Code   RO          385    .text.HAL_RCC_ClockConfig  stm32f1xx_hal_rcc.o
    0x08001b3e   0x08001b3e   0x00000002   PAD
    0x08001b40   0x08001b40   0x00000042   Code   RO          403    .text.HAL_RCC_GetClockConfig  stm32f1xx_hal_rcc.o
    0x08001b82   0x08001b82   0x00000002   PAD
    0x08001b84   0x08001b84   0x00000026   Code   RO          397    .text.HAL_RCC_GetPCLK1Freq  stm32f1xx_hal_rcc.o
    0x08001baa   0x08001baa   0x00000002   PAD
    0x08001bac   0x08001bac   0x00000026   Code   RO          399    .text.HAL_RCC_GetPCLK2Freq  stm32f1xx_hal_rcc.o
    0x08001bd2   0x08001bd2   0x00000002   PAD
    0x08001bd4   0x08001bd4   0x00000056   Code   RO          387    .text.HAL_RCC_GetSysClockFreq  stm32f1xx_hal_rcc.o
    0x08001c2a   0x08001c2a   0x00000002   PAD
    0x08001c2c   0x08001c2c   0x000003b4   Code   RO          383    .text.HAL_RCC_OscConfig  stm32f1xx_hal_rcc.o
    0x08001fe0   0x08001fe0   0x00000002   Code   RO          959    .text.HAL_TIMEx_BreakCallback  stm32f1xx_hal_tim_ex.o
    0x08001fe2   0x08001fe2   0x00000002   PAD
    0x08001fe4   0x08001fe4   0x00000002   Code   RO          955    .text.HAL_TIMEx_CommutCallback  stm32f1xx_hal_tim_ex.o
    0x08001fe6   0x08001fe6   0x00000002   PAD
    0x08001fe8   0x08001fe8   0x0000004c   Code   RO          951    .text.HAL_TIMEx_ConfigBreakDeadTime  stm32f1xx_hal_tim_ex.o
    0x08002034   0x08002034   0x00000092   Code   RO          949    .text.HAL_TIMEx_MasterConfigSynchronization  stm32f1xx_hal_tim_ex.o
    0x080020c6   0x080020c6   0x00000002   PAD
    0x080020c8   0x080020c8   0x000000de   Code   RO          903    .text.HAL_TIMEx_OCN_Start  stm32f1xx_hal_tim_ex.o
    0x080021a6   0x080021a6   0x00000002   PAD
    0x080021a8   0x080021a8   0x00000126   Code   RO          654    .text.HAL_TIM_Base_Init  stm32f1xx_hal_tim.o
    0x080022ce   0x080022ce   0x00000002   PAD
    0x080022d0   0x080022d0   0x00000162   Code   RO          104    .text.HAL_TIM_Base_MspInit  tim.o
    0x08002432   0x08002432   0x00000002   PAD
    0x08002434   0x08002434   0x00000086   Code   RO          668    .text.HAL_TIM_Base_Start_IT  stm32f1xx_hal_tim.o
    0x080024ba   0x080024ba   0x00000002   PAD
    0x080024bc   0x080024bc   0x0000019c   Code   RO          834    .text.HAL_TIM_ConfigClockSource  stm32f1xx_hal_tim.o
    0x08002658   0x08002658   0x00000002   Code   RO          790    .text.HAL_TIM_IC_CaptureCallback  stm32f1xx_hal_tim.o
    0x0800265a   0x0800265a   0x00000002   PAD
    0x0800265c   0x0800265c   0x00000170   Code   RO          788    .text.HAL_TIM_IRQHandler  stm32f1xx_hal_tim.o
    0x080027cc   0x080027cc   0x000001e6   Code   RO           90    .text.HAL_TIM_MspPostInit  tim.o
    0x080029b2   0x080029b2   0x00000002   PAD
    0x080029b4   0x080029b4   0x000001f8   Code   RO          800    .text.HAL_TIM_OC_ConfigChannel  stm32f1xx_hal_tim.o
    0x08002bac   0x08002bac   0x00000002   Code   RO          792    .text.HAL_TIM_OC_DelayElapsedCallback  stm32f1xx_hal_tim.o
    0x08002bae   0x08002bae   0x00000002   PAD
    0x08002bb0   0x08002bb0   0x00000126   Code   RO          682    .text.HAL_TIM_OC_Init  stm32f1xx_hal_tim.o
    0x08002cd6   0x08002cd6   0x00000002   PAD
    0x08002cd8   0x08002cd8   0x00000002   Code   RO          684    .text.HAL_TIM_OC_MspInit  stm32f1xx_hal_tim.o
    0x08002cda   0x08002cda   0x00000002   PAD
    0x08002cdc   0x08002cdc   0x00000262   Code   RO          808    .text.HAL_TIM_PWM_ConfigChannel  stm32f1xx_hal_tim.o
    0x08002f3e   0x08002f3e   0x00000002   PAD
    0x08002f40   0x08002f40   0x00000126   Code   RO          708    .text.HAL_TIM_PWM_Init  stm32f1xx_hal_tim.o
    0x08003066   0x08003066   0x00000002   PAD
    0x08003068   0x08003068   0x00000002   Code   RO          710    .text.HAL_TIM_PWM_MspInit  stm32f1xx_hal_tim.o
    0x0800306a   0x0800306a   0x00000002   PAD
    0x0800306c   0x0800306c   0x00000002   Code   RO          794    .text.HAL_TIM_PWM_PulseFinishedCallback  stm32f1xx_hal_tim.o
    0x0800306e   0x0800306e   0x00000002   PAD
    0x08003070   0x08003070   0x000000e2   Code   RO          716    .text.HAL_TIM_PWM_Start  stm32f1xx_hal_tim.o
    0x08003152   0x08003152   0x00000002   PAD
    0x08003154   0x08003154   0x00000014   Code   RO           27    .text.HAL_TIM_PeriodElapsedCallback  main.o
    0x08003168   0x08003168   0x00000002   Code   RO          798    .text.HAL_TIM_TriggerCallback  stm32f1xx_hal_tim.o
    0x0800316a   0x0800316a   0x00000002   PAD
    0x0800316c   0x0800316c   0x000000e2   Code   RO          973    .text.HAL_UART_Init  stm32f1xx_hal_uart.o
    0x0800324e   0x0800324e   0x00000002   PAD
    0x08003250   0x08003250   0x00000144   Code   RO          127    .text.HAL_UART_MspInit  usart.o
    0x08003394   0x08003394   0x00000278   Code   RO          987    .text.HAL_UART_Transmit  stm32f1xx_hal_uart.o
    0x0800360c   0x0800360c   0x00000002   Code   RO          154    .text.HardFault_Handler  stm32f1xx_it.o
    0x0800360e   0x0800360e   0x00000002   PAD
    0x08003610   0x08003610   0x000000d8   Code   RO           59    .text.MX_ADC1_Init  adc.o
    0x080036e8   0x080036e8   0x00000044   Code   RO           79    .text.MX_DMA_Init   dma.o
    0x0800372c   0x0800372c   0x00000148   Code   RO           48    .text.MX_GPIO_Init  gpio.o
    0x08003874   0x08003874   0x00000188   Code   RO           88    .text.MX_TIM1_Init  tim.o
    0x080039fc   0x080039fc   0x000000e4   Code   RO           92    .text.MX_TIM2_Init  tim.o
    0x08003ae0   0x08003ae0   0x00000100   Code   RO           94    .text.MX_TIM3_Init  tim.o
    0x08003be0   0x08003be0   0x000000e2   Code   RO           96    .text.MX_TIM4_Init  tim.o
    0x08003cc2   0x08003cc2   0x00000002   PAD
    0x08003cc4   0x08003cc4   0x000000e8   Code   RO           98    .text.MX_TIM5_Init  tim.o
    0x08003dac   0x08003dac   0x00000062   Code   RO          100    .text.MX_TIM6_Init  tim.o
    0x08003e0e   0x08003e0e   0x00000002   PAD
    0x08003e10   0x08003e10   0x0000010a   Code   RO          102    .text.MX_TIM8_Init  tim.o
    0x08003f1a   0x08003f1a   0x00000002   PAD
    0x08003f1c   0x08003f1c   0x0000003c   Code   RO          123    .text.MX_USART1_UART_Init  usart.o
    0x08003f58   0x08003f58   0x0000003c   Code   RO          125    .text.MX_USART3_UART_Init  usart.o
    0x08003f94   0x08003f94   0x00000002   Code   RO          156    .text.MemManage_Handler  stm32f1xx_it.o
    0x08003f96   0x08003f96   0x00000002   PAD
    0x08003f98   0x08003f98   0x00000002   Code   RO          152    .text.NMI_Handler   stm32f1xx_it.o
    0x08003f9a   0x08003f9a   0x00000002   PAD
    0x08003f9c   0x08003f9c   0x00000054   Code   RO         1153    .text.PWM_BreathDuty  pwm.o
    0x08003ff0   0x08003ff0   0x000000ec   Code   RO         1149    .text.PWM_Init      pwm.o
    0x080040dc   0x080040dc   0x0000000a   Code   RO         1151    .text.PWM_SetDuty   pwm.o
    0x080040e6   0x080040e6   0x00000002   PAD
    0x080040e8   0x080040e8   0x00000002   Code   RO          166    .text.PendSV_Handler  stm32f1xx_it.o
    0x080040ea   0x080040ea   0x00000002   PAD
    0x080040ec   0x080040ec   0x0000004e   Code   RO         1164    .text.RC_Init       rc.o
    0x0800413a   0x0800413a   0x00000002   PAD
    0x0800413c   0x0800413c   0x00000122   Code   RO         1166    .text.RC_ReceiveCallback  rc.o
    0x0800425e   0x0800425e   0x00000002   PAD
    0x08004260   0x08004260   0x00000002   Code   RO          162    .text.SVC_Handler   stm32f1xx_it.o
    0x08004262   0x08004262   0x00000002   PAD
    0x08004264   0x08004264   0x00000208   Code   RO           17    .text.Switch        main.o
    0x0800446c   0x0800446c   0x00000058   Code   RO         1108    .text.Switch_GetCode  ctrl.o
    0x080044c4   0x080044c4   0x00000002   Code   RO          168    .text.SysTick_Handler  stm32f1xx_it.o
    0x080044c6   0x080044c6   0x00000002   PAD
    0x080044c8   0x080044c8   0x00000002   Code   RO         1093    .text.SystemInit    system_stm32f1xx.o
    0x080044ca   0x080044ca   0x00000002   PAD
    0x080044cc   0x080044cc   0x0000000c   Code   RO          176    .text.TIM6_IRQHandler  stm32f1xx_it.o
    0x080044d8   0x080044d8   0x0000000c   Code   RO          178    .text.TIM7_IRQHandler  stm32f1xx_it.o
    0x080044e4   0x080044e4   0x00000002   Code   RO          160    .text.UsageFault_Handler  stm32f1xx_it.o
    0x080044e6   0x080044e6   0x00000002   PAD
    0x080044e8   0x080044e8   0x00000006   Code   RO          133    .text.Usart_SendArr  usart.o
    0x080044ee   0x080044ee   0x00000002   PAD
    0x080044f0   0x080044f0   0x0000004a   Code   RO         1117    .text.VOFA_JustFloat  fun.o
    0x0800453a   0x0800453a   0x00000002   PAD
    0x0800453c   0x0800453c   0x00000630   Code   RO           11    .text.main          main.o
    0x08004b6c   0x08004b6c   0x0000000e   Code   RO         1244    i.__scatterload_copy  mc_w.l(handlers.o)
    0x08004b7a   0x08004b7a   0x00000002   Code   RO         1245    i.__scatterload_null  mc_w.l(handlers.o)
    0x08004b7c   0x08004b7c   0x0000000e   Code   RO         1246    i.__scatterload_zeroinit  mc_w.l(handlers.o)
    0x08004b8a   0x08004b8a   0x00000010   Data   RO         1098    .rodata.AHBPrescTable  system_stm32f1xx.o
    0x08004b9a   0x08004b9a   0x00000008   Data   RO         1099    .rodata.APBPrescTable  system_stm32f1xx.o
    0x08004ba2   0x08004ba2   0x00000002   Data   RO          410    .rodata.HAL_RCC_GetSysClockFreq.aPredivFactorTable  stm32f1xx_hal_rcc.o
    0x08004ba4   0x08004ba4   0x00000010   Data   RO          409    .rodata.cst16       stm32f1xx_hal_rcc.o
    0x08004bb4   0x08004bb4   0x00000020   Data   RO         1243    Region$$Table       anon$$obj.o


    Execution Region RW_IRAM1 (Exec base: 0x20000000, Load base: 0x08004bd8, Size: 0x00000870, Max: 0x0000c000, ABSOLUTE)

    Exec Addr    Load Addr    Size         Type   Attr      Idx    E Section Name        Object

    0x20000000   0x08004bd8   0x0000000c   Data   RW           38    .data..L_MergedGlobals  main.o
    0x2000000c   0x08004be4   0x00000008   Data   RW          372    .data..L_MergedGlobals  stm32f1xx_hal.o
    0x20000014   0x08004bec   0x00000004   Data   RW         1156    .data..L_MergedGlobals  pwm.o
    0x20000018   0x08004bf0   0x00000004   Data   RW         1097    .data.SystemCoreClock  system_stm32f1xx.o
    0x2000001c   0x08004bf4   0x00000001   Data   RW           35    .data.last_switch_count  main.o
    0x2000001d   0x08004bf5   0x00000003   PAD
    0x20000020        -       0x0000003c   Zero   RW           70    .bss..L_MergedGlobals  adc.o
    0x2000005c   0x08004bf5   0x00000004   PAD
    0x20000060        -       0x00000068   Zero   RW           39    .bss..L_MergedGlobals.1  main.o
    0x200000c8        -       0x00000002   Zero   RW         1155    .bss.PWM_BreathDuty.count_Add  pwm.o
    0x200000ca        -       0x00000002   Zero   RW         1110    .bss.hCtrl          ctrl.o
    0x200000cc        -       0x00000044   Zero   RW         1168    .bss.hRC            rc.o
    0x20000110        -       0x00000044   Zero   RW           69    .bss.hdma_adc1      adc.o
    0x20000154        -       0x00000044   Zero   RW          143    .bss.hdma_usart1_tx  usart.o
    0x20000198        -       0x00000048   Zero   RW          108    .bss.htim1          tim.o
    0x200001e0        -       0x00000048   Zero   RW          109    .bss.htim2          tim.o
    0x20000228        -       0x00000048   Zero   RW          110    .bss.htim3          tim.o
    0x20000270        -       0x00000048   Zero   RW          111    .bss.htim4          tim.o
    0x200002b8        -       0x00000048   Zero   RW          112    .bss.htim5          tim.o
    0x20000300        -       0x00000048   Zero   RW          113    .bss.htim6          tim.o
    0x20000348        -       0x00000048   Zero   RW          202    .bss.htim7          stm32f1xx_hal_timebase_tim.o
    0x20000390        -       0x00000048   Zero   RW          114    .bss.htim8          tim.o
    0x200003d8        -       0x00000048   Zero   RW          141    .bss.huart1         usart.o
    0x20000420        -       0x00000048   Zero   RW          142    .bss.huart3         usart.o
    0x20000468        -       0x00000004   Zero   RW          371    .bss.uwTick         stm32f1xx_hal.o
    0x2000046c   0x08004bf5   0x00000004   PAD
    0x20000470        -       0x00000400   Zero   RW            1    STACK               startup_stm32f103xe.o


==============================================================================

Image component sizes


      Code (inc. data)   RO Data    RW Data    ZI Data      Debug   Object Name

       482          0          0          0        128       4969   adc.o
        88          0          0          0          2       1259   ctrl.o
        68          0          0          0          0       2530   dma.o
        74          0          0          0          0       3751   fun.o
       338          0          0          0          0       3341   gpio.o
      2134         12          0         13        104      13697   main.o
       330          0          0          4          2       4302   pwm.o
       368          0          0          0         68       2635   rc.o
        36          8        304          0       1024        796   startup_stm32f103xe.o
       116          0          0          8          4       6102   stm32f1xx_hal.o
      1426          0          0          0          0      13248   stm32f1xx_hal_adc.o
       272          0          0          0          0       9538   stm32f1xx_hal_adc_ex.o
       156          0          0          0          0       8860   stm32f1xx_hal_cortex.o
       980          0          0          0          0       8587   stm32f1xx_hal_dma.o
       548         20          0          0          0       4570   stm32f1xx_hal_gpio.o
        66          0          0          0          0       1227   stm32f1xx_hal_msp.o
      1622          0         18          0          0       7702   stm32f1xx_hal_rcc.o
       538         36          0          0          0       3824   stm32f1xx_hal_rcc_ex.o
      3148          8          0          0          0      55907   stm32f1xx_hal_tim.o
       448          0          0          0          0      20919   stm32f1xx_hal_tim_ex.o
       188          0          0          0         72       6211   stm32f1xx_hal_timebase_tim.o
       858          0          0          0          0      32361   stm32f1xx_hal_uart.o
        72          0          0          0          0       4785   stm32f1xx_it.o
         2          0         24          4          0       1652   system_stm32f1xx.o
      2538          0          0          0        504       9830   tim.o
       450          0          0          0        212       6463   usart.o

    ----------------------------------------------------------------------
     17476         84        378         32       2128     239066   Object Totals
         0          0         32          0          0          0   (incl. Generated)
       130          0          0          3          8          0   (incl. Padding)

    ----------------------------------------------------------------------

      Code (inc. data)   RO Data    RW Data    ZI Data      Debug   Library Member Name

         0          0          0          0          0          0   entry.o
         0          0          0          0          0          0   entry10a.o
         0          0          0          0          0          0   entry11a.o
         8          4          0          0          0          0   entry2.o
         4          0          0          0          0          0   entry5.o
         0          0          0          0          0          0   entry7b.o
         0          0          0          0          0          0   entry8b.o
         8          4          0          0          0          0   entry9a.o
        30          0          0          0          0          0   handlers.o
        36          8          0          0          0         68   init.o
         0          0          0          0          0          0   iusefp.o
        30          0          0          0          0         68   llshl.o
        32          0          0          0          0         68   llushr.o
        54          0          0          0          0         80   dcmpge.o
        54          0          0          0          0         80   dcmpgt.o
        54          0          0          0          0         80   dcmple.o
        54          0          0          0          0         80   dcmplt.o
       186          0          0          0          0        176   depilogue.o
        62          0          0          0          0         80   dfixi.o
        34          0          0          0          0         76   dflti.o
       228          0          0          0          0         96   dmul.o
        38          0          0          0          0         68   f2d.o
       176          0          0          0          0        140   fadd.o
        28          0          0          0          0         68   fcmpge.o
        28          0          0          0          0         68   fcmpgt.o
       124          0          0          0          0         88   fdiv.o
       110          0          0          0          0        168   fepilogue.o
        50          0          0          0          0         68   ffixi.o
        18          0          0          0          0         68   fflti.o
        10          0          0          0          0         68   ffltui.o
       100          0          0          0          0         76   fmul.o

    ----------------------------------------------------------------------
      1558         16          0          0          0       1832   Library Totals
         2          0          0          0          0          0   (incl. Padding)

    ----------------------------------------------------------------------

      Code (inc. data)   RO Data    RW Data    ZI Data      Debug   Library Name

       148         16          0          0          0        204   mc_w.l
      1408          0          0          0          0       1628   mf_w.l

    ----------------------------------------------------------------------
      1558         16          0          0          0       1832   Library Totals

    ----------------------------------------------------------------------

==============================================================================


      Code (inc. data)   RO Data    RW Data    ZI Data      Debug   

     19034        100        378         32       2128     239634   Grand Totals
     19034        100        378         32       2128     239634   ELF Image Totals
     19034        100        378         32          0          0   ROM Totals

==============================================================================

    Total RO  Size (Code + RO Data)                19412 (  18.96kB)
    Total RW  Size (RW Data + ZI Data)              2160 (   2.11kB)
    Total ROM Size (Code + RO Data + RW Data)      19444 (  18.99kB)

==============================================================================

